[INFO] Initialising O2 Data Processing Layer. Driver PID: 31534.
[INFO] Driver listening on port: 9614
[INFO] Rate limiting set up at 2000 MB and 64 timeframes distributed over 1 readers
[INFO] O2 Data Processing Layer initialised. We brake for nobody.
[INFO] Optimised build. O2DEBUG / LOG(debug) / LOGF(debug) / assert statement will not be shown.
[INFO] Redeployment of configuration asked.
[INFO] Starting internal-dpl-clock on pid 31543
[INFO] Starting tf-reader on pid 31544
[INFO] Starting internal-dpl-ccdb-backend on pid 31545
[INFO] Starting ctp-raw-decoder on pid 31546
[INFO] Starting ctp-digit-writer on pid 31547
[INFO] Starting internal-dpl-injected-dummy-sink on pid 31548
[INFO] Redeployment of configuration done.
[31544:tf-reader]: [INFO] Instrumenting crash signals
[31548:internal-dpl-injected-dummy-sink]: [INFO] Instrumenting crash signals
[31543:internal-dpl-clock]: [INFO] Instrumenting crash signals
[31544:tf-reader]: [INFO] Spawning new device tf-reader in process with pid 31544
[31548:internal-dpl-injected-dummy-sink]: [INFO] Spawning new device internal-dpl-injected-dummy-sink in process with pid 31548
[31543:internal-dpl-clock]: [INFO] Spawning new device internal-dpl-clock in process with pid 31543
[31548:internal-dpl-injected-dummy-sink]: [17:55:33][INFO] 
[31548:internal-dpl-injected-dummy-sink]:       ______      _    _______  _________ 
[31548:internal-dpl-injected-dummy-sink]:      / ____/___ _(_)_______   |/  /_  __ \    version 1.10.1
[31548:internal-dpl-injected-dummy-sink]:     / /_  / __ `/ / ___/__  /|_/ /_  / / /    build RELWITHDEBINFO
[31548:internal-dpl-injected-dummy-sink]:    / __/ / /_/ / / /    _  /  / / / /_/ /     https://github.com/FairRootGroup/FairMQ
[31548:internal-dpl-injected-dummy-sink]:   /_/    \__,_/_/_/     /_/  /_/  \___\_\     LGPL-3.0  © 2012-2025 GSI
[31548:internal-dpl-injected-dummy-sink]: 
[31548:internal-dpl-injected-dummy-sink]: [17:55:33][STATE] Starting FairMQ state machine --> IDLE
[31543:internal-dpl-clock]: [17:55:33][INFO] 
[31543:internal-dpl-clock]:       ______      _    _______  _________ 
[31543:internal-dpl-clock]:      / ____/___ _(_)_______   |/  /_  __ \    version 1.10.1
[31543:internal-dpl-clock]:     / /_  / __ `/ / ___/__  /|_/ /_  / / /    build RELWITHDEBINFO
[31543:internal-dpl-clock]:    / __/ / /_/ / / /    _  /  / / / /_/ /     https://github.com/FairRootGroup/FairMQ
[31543:internal-dpl-clock]:   /_/    \__,_/_/_/     /_/  /_/  \___\_\     LGPL-3.0  © 2012-2025 GSI
[31543:internal-dpl-clock]: 
[31544:tf-reader]: [17:55:33][INFO] 
[31544:tf-reader]:       ______      _    _______  _________ 
[31544:tf-reader]:      / ____/___ _(_)_______   |/  /_  __ \    version 1.10.1
[31544:tf-reader]:     / /_  / __ `/ / ___/__  /|_/ /_  / / /    build RELWITHDEBINFO
[31544:tf-reader]:    / __/ / /_/ / / /    _  /  / / / /_/ /     https://github.com/FairRootGroup/FairMQ
[31544:tf-reader]:   /_/    \__,_/_/_/     /_/  /_/  \___\_\     LGPL-3.0  © 2012-2025 GSI
[31544:tf-reader]: 
[31543:internal-dpl-clock]: [17:55:33][STATE] Starting FairMQ state machine --> IDLE
[31544:tf-reader]: [17:55:33][STATE] Starting FairMQ state machine --> IDLE
[31543:internal-dpl-clock]: [17:55:33][STATE] IDLE ---> INITIALIZING DEVICE
[31544:tf-reader]: [17:55:33][STATE] IDLE ---> INITIALIZING DEVICE
[31548:internal-dpl-injected-dummy-sink]: [17:55:33][STATE] IDLE ---> INITIALIZING DEVICE
[31544:tf-reader]: [17:55:33][INFO] Input contains 1 files, 0 remote
[31544:tf-reader]: [17:55:33][INFO] Finished file fetching: 1 of 1 files fetched successfully in 0 iterations
[31543:internal-dpl-clock]: [17:55:33][STATE] INITIALIZING DEVICE ---> INITIALIZED
[31543:internal-dpl-clock]: [17:55:33][STATE] INITIALIZED ---> BINDING
[31548:internal-dpl-injected-dummy-sink]: [17:55:33][STATE] INITIALIZING DEVICE ---> INITIALIZED
[31548:internal-dpl-injected-dummy-sink]: [17:55:33][STATE] INITIALIZED ---> BINDING
[31548:internal-dpl-injected-dummy-sink]: [17:55:33][STATE] BINDING ---> BOUND
[31548:internal-dpl-injected-dummy-sink]: [17:55:33][STATE] BOUND ---> CONNECTING
[31544:tf-reader]: [17:55:33][STATE] INITIALIZING DEVICE ---> INITIALIZED
[31544:tf-reader]: [17:55:33][STATE] INITIALIZED ---> BINDING
[31543:internal-dpl-clock]: [17:55:33][STATE] BINDING ---> BOUND
[31543:internal-dpl-clock]: [17:55:33][STATE] BOUND ---> CONNECTING
[31543:internal-dpl-clock]: [17:55:33][STATE] CONNECTING ---> DEVICE READY
[31543:internal-dpl-clock]: [17:55:33][STATE] DEVICE READY ---> INITIALIZING TASK
[31543:internal-dpl-clock]: [17:55:33][STATE] INITIALIZING TASK ---> READY
[31543:internal-dpl-clock]: [17:55:33][STATE] READY ---> RUNNING
[31543:internal-dpl-clock]: [17:55:33][INFO] fair::mq::Device running...
[31548:internal-dpl-injected-dummy-sink]: [17:55:33][STATE] CONNECTING ---> DEVICE READY
[31548:internal-dpl-injected-dummy-sink]: [17:55:33][STATE] DEVICE READY ---> INITIALIZING TASK
[31543:internal-dpl-clock]: [17:55:33][INFO] LHCPeriod is not available, using current month MAY
[31548:internal-dpl-injected-dummy-sink]: [17:55:33][STATE] INITIALIZING TASK ---> READY
[31548:internal-dpl-injected-dummy-sink]: [17:55:33][STATE] READY ---> RUNNING
[31548:internal-dpl-injected-dummy-sink]: [17:55:33][INFO] fair::mq::Device running...
[31543:internal-dpl-clock]: [17:55:33][INFO] Correctly handshaken websocket connection.
[31548:internal-dpl-injected-dummy-sink]: [17:55:33][INFO] LHCPeriod is not available, using current month MAY
[31548:internal-dpl-injected-dummy-sink]: [17:55:33][INFO] Correctly handshaken websocket connection.
[31544:tf-reader]: [17:55:33][STATE] BINDING ---> BOUND
[31544:tf-reader]: [17:55:33][STATE] BOUND ---> CONNECTING
[31544:tf-reader]: [17:55:33][STATE] CONNECTING ---> DEVICE READY
[31544:tf-reader]: [17:55:33][STATE] DEVICE READY ---> INITIALIZING TASK
[31544:tf-reader]: [17:55:33][STATE] INITIALIZING TASK ---> READY
[31544:tf-reader]: [17:55:33][STATE] READY ---> RUNNING
[31544:tf-reader]: [17:55:33][INFO] fair::mq::Device running...
[31544:tf-reader]: [17:55:33][INFO] LHCPeriod is not available, using current month MAY
[31544:tf-reader]: [17:55:33][INFO] Correctly handshaken websocket connection.
[31544:tf-reader]: [17:55:33][INFO] Processing file o2_rawtf_run00572163_tf03959064_epn166.tf
[31544:tf-reader]: [17:55:33][INFO] Block:1 CTP/RAWDATA with size 91488
[31544:tf-reader]: [17:55:33][INFO] Block:2 FLP/DISTSUBTIMEFRAME with size 168
[31544:tf-reader]: [17:55:33][INFO] Block:1 CTP/LUMI with size 192
[31546:ctp-raw-decoder]: [INFO] Instrumenting crash signals
[31545:internal-dpl-ccdb-backend]: [INFO] Instrumenting crash signals
[31547:ctp-digit-writer]: [INFO] Instrumenting crash signals
[31546:ctp-raw-decoder]: [INFO] Spawning new device ctp-raw-decoder in process with pid 31546
[31545:internal-dpl-ccdb-backend]: [INFO] Spawning new device internal-dpl-ccdb-backend in process with pid 31545
[31547:ctp-digit-writer]: [INFO] Spawning new device ctp-digit-writer in process with pid 31547
[31546:ctp-raw-decoder]: [17:55:33][INFO] 
[31546:ctp-raw-decoder]:       ______      _    _______  _________ 
[31546:ctp-raw-decoder]:      / ____/___ _(_)_______   |/  /_  __ \    version 1.10.1
[31546:ctp-raw-decoder]:     / /_  / __ `/ / ___/__  /|_/ /_  / / /    build RELWITHDEBINFO
[31546:ctp-raw-decoder]:    / __/ / /_/ / / /    _  /  / / / /_/ /     https://github.com/FairRootGroup/FairMQ
[31546:ctp-raw-decoder]:   /_/    \__,_/_/_/     /_/  /_/  \___\_\     LGPL-3.0  © 2012-2025 GSI
[31546:ctp-raw-decoder]: 
[31546:ctp-raw-decoder]: [17:55:33][STATE] Starting FairMQ state machine --> IDLE
[31547:ctp-digit-writer]: [17:55:33][INFO] 
[31547:ctp-digit-writer]:       ______      _    _______  _________ 
[31547:ctp-digit-writer]:      / ____/___ _(_)_______   |/  /_  __ \    version 1.10.1
[31547:ctp-digit-writer]:     / /_  / __ `/ / ___/__  /|_/ /_  / / /    build RELWITHDEBINFO
[31547:ctp-digit-writer]:    / __/ / /_/ / / /    _  /  / / / /_/ /     https://github.com/FairRootGroup/FairMQ
[31547:ctp-digit-writer]:   /_/    \__,_/_/_/     /_/  /_/  \___\_\     LGPL-3.0  © 2012-2025 GSI
[31547:ctp-digit-writer]: 
[31545:internal-dpl-ccdb-backend]: [17:55:33][INFO] 
[31545:internal-dpl-ccdb-backend]:       ______      _    _______  _________ 
[31545:internal-dpl-ccdb-backend]:      / ____/___ _(_)_______   |/  /_  __ \    version 1.10.1
[31545:internal-dpl-ccdb-backend]:     / /_  / __ `/ / ___/__  /|_/ /_  / / /    build RELWITHDEBINFO
[31545:internal-dpl-ccdb-backend]:    / __/ / /_/ / / /    _  /  / / / /_/ /     https://github.com/FairRootGroup/FairMQ
[31545:internal-dpl-ccdb-backend]:   /_/    \__,_/_/_/     /_/  /_/  \___\_\     LGPL-3.0  © 2012-2025 GSI
[31545:internal-dpl-ccdb-backend]: 
[31547:ctp-digit-writer]: [17:55:33][STATE] Starting FairMQ state machine --> IDLE
[31545:internal-dpl-ccdb-backend]: [17:55:33][STATE] Starting FairMQ state machine --> IDLE
[31545:internal-dpl-ccdb-backend]: [17:55:33][STATE] IDLE ---> INITIALIZING DEVICE
[31546:ctp-raw-decoder]: [17:55:33][STATE] IDLE ---> INITIALIZING DEVICE
[31547:ctp-digit-writer]: [17:55:33][STATE] IDLE ---> INITIALIZING DEVICE
[31546:ctp-raw-decoder]: [17:55:33][WARN] Input name without level:TVX
[31546:ctp-raw-decoder]: [17:55:33][WARN] Input name without level:VBA
[31546:ctp-raw-decoder]: [17:55:33][INFO] CTP reco init done. Inputs decoding here:1 DoLumi:0 DoDigits:1 NTF:90 Lumi inputs:TVX:3 VBA:6 Max errors:1000000 Max input size:0 MaxInputSizeFatal:0 CheckConsistency:1
[31546:ctp-raw-decoder]: [17:55:33][STATE] INITIALIZING DEVICE ---> INITIALIZED
[31546:ctp-raw-decoder]: [17:55:33][STATE] INITIALIZED ---> BINDING
[31546:ctp-raw-decoder]: [17:55:33][STATE] BINDING ---> BOUND
[31546:ctp-raw-decoder]: [17:55:33][STATE] BOUND ---> CONNECTING
[31546:ctp-raw-decoder]: [17:55:33][STATE] CONNECTING ---> DEVICE READY
[31546:ctp-raw-decoder]: [17:55:33][STATE] DEVICE READY ---> INITIALIZING TASK
[31546:ctp-raw-decoder]: [17:55:33][STATE] INITIALIZING TASK ---> READY
[31546:ctp-raw-decoder]: [17:55:33][STATE] READY ---> RUNNING
[31546:ctp-raw-decoder]: [17:55:33][INFO] fair::mq::Device running...
[31546:ctp-raw-decoder]: [17:55:33][INFO] LHCPeriod is not available, using current month MAY
[31546:ctp-raw-decoder]: [17:55:33][INFO] Correctly handshaken websocket connection.
[31545:internal-dpl-ccdb-backend]: [17:55:33][INFO] CCDB Backend at: http://alice-ccdb.cern.ch, validity check for every 2147483647 TF
[31545:internal-dpl-ccdb-backend]: [17:55:33][INFO] Hook to enable signposts for CCDB messages at 0xa691b9820
[31545:internal-dpl-ccdb-backend]: [17:55:33][INFO] Init CcdApi with UserAgentID: MacOS_app/unknown@31545 target/Darwin_arm64 init/1779897333797 id/romanlietava@192.168.1.45 session/lfQQztkj, Host: http://alice-ccdb.cern.ch, Curl timeouts: upload:20 download:5
[31545:internal-dpl-ccdb-backend]: [17:55:33][INFO] Initialised default CCDB host http://alice-ccdb.cern.ch
[31545:internal-dpl-ccdb-backend]: [17:55:33][INFO] The following route is a condition CTP/CTPCONFIG/0
[31545:internal-dpl-ccdb-backend]: [17:55:33][INFO] - ccdb-path: CTP/Config/Config
[31545:internal-dpl-ccdb-backend]: [17:55:33][INFO] The following route is a condition CTP/Trig_Offset/0
[31545:internal-dpl-ccdb-backend]: [17:55:33][INFO] - ccdb-path: CTP/Config/TriggerOffsets
[31545:internal-dpl-ccdb-backend]: [17:55:33][STATE] INITIALIZING DEVICE ---> INITIALIZED
[31545:internal-dpl-ccdb-backend]: [17:55:33][STATE] INITIALIZED ---> BINDING
[31545:internal-dpl-ccdb-backend]: [17:55:33][STATE] BINDING ---> BOUND
[31545:internal-dpl-ccdb-backend]: [17:55:33][STATE] BOUND ---> CONNECTING
[31545:internal-dpl-ccdb-backend]: [17:55:33][STATE] CONNECTING ---> DEVICE READY
[31545:internal-dpl-ccdb-backend]: [17:55:33][STATE] DEVICE READY ---> INITIALIZING TASK
[31545:internal-dpl-ccdb-backend]: [17:55:33][STATE] INITIALIZING TASK ---> READY
[31545:internal-dpl-ccdb-backend]: [17:55:33][STATE] READY ---> RUNNING
[31545:internal-dpl-ccdb-backend]: [17:55:33][INFO] fair::mq::Device running...
[31545:internal-dpl-ccdb-backend]: [17:55:33][INFO] LHCPeriod is not available, using current month MAY
[31545:internal-dpl-ccdb-backend]: [17:55:33][INFO] Correctly handshaken websocket connection.
[31547:ctp-digit-writer]: [17:55:33][INFO] 0: branch  CTPDigits set up
[31547:ctp-digit-writer]: [17:55:33][STATE] INITIALIZING DEVICE ---> INITIALIZED
[31547:ctp-digit-writer]: [17:55:33][STATE] INITIALIZED ---> BINDING
[31547:ctp-digit-writer]: [17:55:33][STATE] BINDING ---> BOUND
[31547:ctp-digit-writer]: [17:55:33][STATE] BOUND ---> CONNECTING
[31547:ctp-digit-writer]: [17:55:33][STATE] CONNECTING ---> DEVICE READY
[31547:ctp-digit-writer]: [17:55:33][STATE] DEVICE READY ---> INITIALIZING TASK
[31547:ctp-digit-writer]: [17:55:33][STATE] INITIALIZING TASK ---> READY
[31547:ctp-digit-writer]: [17:55:33][STATE] READY ---> RUNNING
[31547:ctp-digit-writer]: [17:55:33][INFO] fair::mq::Device running...
[31547:ctp-digit-writer]: [17:55:33][INFO] LHCPeriod is not available, using current month MAY
[31547:ctp-digit-writer]: [17:55:33][INFO] Correctly handshaken websocket connection.
[31544:tf-reader]: [17:55:33][INFO] Sent TF 0 of size 91848 with 66 parts, 0.0000 s elapsed from previous TF., WaitSending=false
[31544:tf-reader]: [17:55:33][INFO] Block:1 CTP/RAWDATA with size 91728
[31544:tf-reader]: [17:55:33][INFO] Block:2 FLP/DISTSUBTIMEFRAME with size 168
[31544:tf-reader]: [17:55:33][INFO] Block:1 CTP/LUMI with size 192
[31544:tf-reader]: [17:55:33][INFO] Sent TF 1 of size 92088 with 66 parts, 0.0003 s elapsed from previous TF., WaitSending=false
[31544:tf-reader]: [17:55:33][INFO] Block:1 CTP/RAWDATA with size 89728
[31544:tf-reader]: [17:55:33][INFO] Block:2 FLP/DISTSUBTIMEFRAME with size 168
[31544:tf-reader]: [17:55:33][INFO] Block:1 CTP/LUMI with size 192
[31544:tf-reader]: [17:55:33][INFO] Sent TF 2 of size 90088 with 66 parts, 0.0003 s elapsed from previous TF., WaitSending=false
[31544:tf-reader]: [17:55:33][INFO] Block:1 CTP/RAWDATA with size 90288
[31544:tf-reader]: [17:55:33][INFO] Block:2 FLP/DISTSUBTIMEFRAME with size 168
[31544:tf-reader]: [17:55:33][INFO] Block:1 CTP/LUMI with size 192
[31544:tf-reader]: [17:55:33][INFO] Sent TF 3 of size 90648 with 66 parts, 0.0001 s elapsed from previous TF., WaitSending=false
[31544:tf-reader]: [17:55:33][INFO] Block:1 CTP/RAWDATA with size 90448
[31544:tf-reader]: [17:55:33][INFO] Block:2 FLP/DISTSUBTIMEFRAME with size 168
[31544:tf-reader]: [17:55:33][INFO] Block:1 CTP/LUMI with size 192
[31544:tf-reader]: [17:55:33][INFO] Sent TF 4 of size 90808 with 66 parts, 0.0170 s elapsed from previous TF., WaitSending=true
[31544:tf-reader]: [17:55:33][INFO] Block:1 CTP/RAWDATA with size 90432
[31544:tf-reader]: [17:55:33][INFO] Block:2 FLP/DISTSUBTIMEFRAME with size 168
[31544:tf-reader]: [17:55:33][INFO] Block:1 CTP/LUMI with size 192
[31544:tf-reader]: [17:55:33][INFO] Sent TF 5 of size 90792 with 66 parts, 0.0126 s elapsed from previous TF., WaitSending=true
[31544:tf-reader]: [17:55:33][INFO] Block:1 CTP/RAWDATA with size 91456
[31544:tf-reader]: [17:55:33][INFO] Block:2 FLP/DISTSUBTIMEFRAME with size 168
[31544:tf-reader]: [17:55:33][INFO] Block:1 CTP/LUMI with size 192
[31544:tf-reader]: [17:55:33][INFO] Sent TF 6 of size 91816 with 66 parts, 0.0001 s elapsed from previous TF., WaitSending=true
[31544:tf-reader]: [17:55:33][INFO] Block:1 CTP/RAWDATA with size 88448
[31544:tf-reader]: [17:55:33][INFO] Block:2 FLP/DISTSUBTIMEFRAME with size 168
[31544:tf-reader]: [17:55:33][INFO] Block:1 CTP/LUMI with size 192
[31544:tf-reader]: [17:55:33][INFO] Sent TF 7 of size 88808 with 66 parts, 0.0127 s elapsed from previous TF., WaitSending=false
[31544:tf-reader]: [17:55:33][INFO] Block:1 CTP/RAWDATA with size 89328
[31544:tf-reader]: [17:55:33][INFO] Block:2 FLP/DISTSUBTIMEFRAME with size 168
[31544:tf-reader]: [17:55:33][INFO] Block:1 CTP/LUMI with size 192
[31544:tf-reader]: [17:55:33][INFO] Sent TF 8 of size 89688 with 66 parts, 0.0001 s elapsed from previous TF., WaitSending=false
[31544:tf-reader]: [17:55:33][INFO] Block:1 CTP/RAWDATA with size 88592
[31544:tf-reader]: [17:55:33][INFO] Block:2 FLP/DISTSUBTIMEFRAME with size 168
[31544:tf-reader]: [17:55:33][INFO] Block:1 CTP/LUMI with size 192
[31544:tf-reader]: [17:55:33][INFO] Sent TF 9 of size 88952 with 66 parts, 0.0001 s elapsed from previous TF., WaitSending=false
[31544:tf-reader]: [17:55:33][INFO] Block:1 CTP/RAWDATA with size 89984
[31544:tf-reader]: [17:55:33][INFO] Block:2 FLP/DISTSUBTIMEFRAME with size 168
[31544:tf-reader]: [17:55:33][INFO] Block:1 CTP/LUMI with size 192
[31544:tf-reader]: [17:55:33][INFO] Sent TF 10 of size 90344 with 66 parts, 0.0121 s elapsed from previous TF., WaitSending=true
[31544:tf-reader]: [17:55:33][INFO] TFReader stops processing
[31544:tf-reader]: [17:55:33][INFO] Block:1 CTP/RAWDATA with size 90544
[31544:tf-reader]: [17:55:33][INFO] Block:2 FLP/DISTSUBTIMEFRAME with size 168
[31544:tf-reader]: [17:55:33][INFO] Block:1 CTP/LUMI with size 192
[31544:tf-reader]: [17:55:33][INFO] Sent TF 11 of size 90904 with 66 parts, 0.0126 s elapsed from previous TF., WaitSending=false
[31544:tf-reader]: [17:55:33][INFO] 12 TFs in 1  loops were sent, spent 0 s in 0 data waiting states
[31544:tf-reader]: [17:55:33][INFO] Sending end-of-stream message to channel from_tf-reader_to_internal-dpl-ccdb-backend
[31544:tf-reader]: [17:55:33][INFO] Sending end-of-stream message to channel from_tf-reader_to_ctp-raw-decoder
[31544:tf-reader]: [17:55:33][INFO] Sending end-of-stream message to channel from_tf-reader_to_internal-dpl-injected-dummy-sink
[31545:internal-dpl-ccdb-backend]: Info in <TJAlienConnectionManager>: Opening connection to JCentral. Please wait
[31545:internal-dpl-ccdb-backend]: Info in <TJAlienConnectionManager>: Opening connection to 128.142.249.29
[31545:internal-dpl-ccdb-backend]: Info in <TJAlienConnectionManager>: Successfully connected to 128.142.249.29
[31545:internal-dpl-ccdb-backend]: Info in <TJAlienFile::Open>: Accessing file /alice/data/CCDB/CTP/Calib/OrbitReset/14/21025/555b8c2f-59af-11f1-b135-0aa140641b9a in SE <ALICE::CCIN2P3::SE>
[31545:internal-dpl-ccdb-backend]: [17:55:36][INFO] ccdb reads http://alice-ccdb.cern.ch/CTP/Calib/OrbitReset/1779874501102/555b8c2f-59af-11f1-b135-0aa140641b9a for 1779888273202 (load to memory, agent_id: MacOS_app/unknown@31545 target/Darwin_arm64 init/1779897333797 id/romanlietava@192.168.1.45 session/lfQQztkj), 
[31545:internal-dpl-ccdb-backend]: Info in <TJAlienFile::Open>: Accessing file /alice/data/CCDB/CTP/Config/Config/14/19192/1f062358-59b5-11f1-b135-0aa140641b9a in SE <ALICE::CCIN2P3::SE>
[31545:internal-dpl-ccdb-backend]: [17:55:39][INFO] ccdb reads http://alice-ccdb.cern.ch/CTP/Config/Config/1779876386961/1f062358-59b5-11f1-b135-0aa140641b9a for 1779888272188 (load to memory, agent_id: MacOS_app/unknown@31545 target/Darwin_arm64 init/1779897333797 id/romanlietava@192.168.1.45 session/lfQQztkj), 
[31545:internal-dpl-ccdb-backend]: Info in <TJAlienFile::Open>: Accessing file /alice/data/CCDB/CTP/Config/TriggerOffsets/06/49287/56b4c228-70dc-11ee-bc26-2a010e0a0b16 in SE <ALICE::UPB::CCDB>
[31545:internal-dpl-ccdb-backend]: [17:55:42][INFO] ccdb reads http://alice-ccdb.cern.ch/CTP/Config/TriggerOffsets/1696975200000/56b4c228-70dc-11ee-bc26-2a010e0a0b16 for 1779888272188 (load to memory, agent_id: MacOS_app/unknown@31545 target/Darwin_arm64 init/1779897333797 id/romanlietava@192.168.1.45 session/lfQQztkj), 
[31545:internal-dpl-ccdb-backend]: [17:55:42][INFO] Sending end-of-stream message to channel from_internal-dpl-ccdb-backend_to_ctp-raw-decoder
[31545:internal-dpl-ccdb-backend]: [17:55:42][INFO] Sending end-of-stream message to channel from_internal-dpl-ccdb-backend_to_internal-dpl-injected-dummy-sink
[31546:ctp-raw-decoder]: [17:55:42][INFO] Caching in 12886128240 ptr to CTP/Trig_Offset/0 (0x1017d0280)
[31546:ctp-raw-decoder]: [17:55:42][INFO] updateing TroggerOffsetsParam: inputs L0_L1:281 classes L0_L1:280
[31546:ctp-raw-decoder]: [17:55:42][INFO] Caching in 12886123320 ptr to CTP/CTPCONFIG/0 (0xc7d477300)
[31546:ctp-raw-decoder]: [17:55:42][INFO] ctpconfig for run done:572163
[31546:ctp-raw-decoder]: [17:55:42][INFO] RDH version:7 Padding:0
[31546:ctp-raw-decoder]: [17:55:42][INFO] Checking readout
[31546:ctp-raw-decoder]: [17:55:42][INFO] [CTPRawToDigitConverter - run] Writing 6848 digits. IR rejected:0 TCR rejected:2
[31547:ctp-digit-writer]: [17:55:42][INFO] CTPDigitWriter pulled 6848 digits
[31546:ctp-raw-decoder]: [17:55:42][INFO] Checking readout
[31546:ctp-raw-decoder]: [17:55:42][INFO] [CTPRawToDigitConverter - run] Writing 6918 digits. IR rejected:0 TCR rejected:6
[31547:ctp-digit-writer]: [17:55:42][INFO] CTPDigitWriter pulled 6918 digits
[31546:ctp-raw-decoder]: [17:55:42][INFO] Checking readout
[31546:ctp-raw-decoder]: [17:55:42][INFO] [CTPRawToDigitConverter - run] Writing 6780 digits. IR rejected:0 TCR rejected:8
[31547:ctp-digit-writer]: [17:55:42][INFO] CTPDigitWriter pulled 6780 digits
[31546:ctp-raw-decoder]: [17:55:42][INFO] Checking readout
[31546:ctp-raw-decoder]: [17:55:42][INFO] [CTPRawToDigitConverter - run] Writing 6847 digits. IR rejected:0 TCR rejected:15
[31547:ctp-digit-writer]: [17:55:42][INFO] CTPDigitWriter pulled 6847 digits
[31546:ctp-raw-decoder]: [17:55:42][INFO] Checking readout
[31546:ctp-raw-decoder]: [17:55:42][INFO] [CTPRawToDigitConverter - run] Writing 6823 digits. IR rejected:0 TCR rejected:15
[31547:ctp-digit-writer]: [17:55:42][INFO] CTPDigitWriter pulled 6823 digits
[31546:ctp-raw-decoder]: [17:55:42][INFO] Checking readout
[31546:ctp-raw-decoder]: [17:55:42][INFO] [CTPRawToDigitConverter - run] Writing 6743 digits. IR rejected:0 TCR rejected:16
[31547:ctp-digit-writer]: [17:55:42][INFO] CTPDigitWriter pulled 6743 digits
[31546:ctp-raw-decoder]: [17:55:42][INFO] Checking readout
[31546:ctp-raw-decoder]: [17:55:42][INFO] [CTPRawToDigitConverter - run] Writing 6855 digits. IR rejected:0 TCR rejected:24
[31547:ctp-digit-writer]: [17:55:42][INFO] CTPDigitWriter pulled 6855 digits
[31546:ctp-raw-decoder]: [17:55:42][INFO] Checking readout
[31546:ctp-raw-decoder]: [17:55:42][INFO] [CTPRawToDigitConverter - run] Writing 6747 digits. IR rejected:0 TCR rejected:29
[31547:ctp-digit-writer]: [17:55:42][INFO] CTPDigitWriter pulled 6747 digits
[31546:ctp-raw-decoder]: [17:55:42][INFO] Checking readout
[31546:ctp-raw-decoder]: [17:55:42][INFO] [CTPRawToDigitConverter - run] Writing 6723 digits. IR rejected:0 TCR rejected:34
[31547:ctp-digit-writer]: [17:55:42][INFO] CTPDigitWriter pulled 6723 digits
[31546:ctp-raw-decoder]: [17:55:42][INFO] Checking readout
[31546:ctp-raw-decoder]: [17:55:42][INFO] [CTPRawToDigitConverter - run] Writing 6742 digits. IR rejected:0 TCR rejected:37
[31547:ctp-digit-writer]: [17:55:42][INFO] CTPDigitWriter pulled 6742 digits
[31546:ctp-raw-decoder]: [17:55:42][INFO] Checking readout
[31546:ctp-raw-decoder]: [17:55:42][INFO] [CTPRawToDigitConverter - run] Writing 6801 digits. IR rejected:0 TCR rejected:43
[31547:ctp-digit-writer]: [17:55:42][INFO] CTPDigitWriter pulled 6801 digits
[31546:ctp-raw-decoder]: [17:55:42][INFO] Checking readout
[31546:ctp-raw-decoder]: [17:55:42][INFO] [CTPRawToDigitConverter - run] Writing 6783 digits. IR rejected:0 TCR rejected:46
[31547:ctp-digit-writer]: [17:55:42][INFO] CTPDigitWriter pulled 6783 digits
[31546:ctp-raw-decoder]: Missing orbits: 154862496-154869024 154869024-154875552 154875552-154882080 154882080-154888608 154888608-154895136 154895136-154901664 154901664-154908192 154908192-154914720 154914720-154921248 154921248-154927776 154927776-154934304
[31546:ctp-raw-decoder]: [17:55:42][INFO] Number of non continous TF:2244
[31546:ctp-raw-decoder]: 
[31546:ctp-raw-decoder]: [17:55:42][INFO] Lost in shiftInputs:464
[31546:ctp-raw-decoder]: [17:55:42][INFO] Lost in addDigit Inputs:0 Classes:275
[31546:ctp-raw-decoder]: [17:55:42][INFO] Lost due to the shift Consistency Checker:235
[31546:ctp-raw-decoder]: [17:55:42][IMPORTANT] CLASS:CMTCE-B-NOPF-CRU:0 Cls=>Inp:1462 Inp=>Cls:1468  ErrorsCls=>Inps:0  MissingInps=>Cls:0
[31546:ctp-raw-decoder]: [17:55:42][IMPORTANT] CLASS:CMVCH-B-NOPF-CRU:1 Cls=>Inp:1442 Inp=>Cls:1448  ErrorsCls=>Inps:0  MissingInps=>Cls:0
[31546:ctp-raw-decoder]: [17:55:42][IMPORTANT] CLASS:CMTVXTCE-B-NOPF-CRU:2 Cls=>Inp:1462 Inp=>Cls:1468  ErrorsCls=>Inps:0  MissingInps=>Cls:0
[31546:ctp-raw-decoder]: [17:55:42][IMPORTANT] CLASS:CMTVXTCE-A-NOPF-CRU:3 Cls=>Inp:0 Inp=>Cls:1468  ErrorsCls=>Inps:0  MissingInps=>Cls:1306
[31546:ctp-raw-decoder]: [17:55:42][IMPORTANT] CLASS:CMTVXTCE-C-NOPF-CRU:4 Cls=>Inp:0 Inp=>Cls:1468  ErrorsCls=>Inps:0  MissingInps=>Cls:1306
[31546:ctp-raw-decoder]: [17:55:42][IMPORTANT] CLASS:CMTVXTCE-E-NOPF-CRU:5 Cls=>Inp:0 Inp=>Cls:1468  ErrorsCls=>Inps:0  MissingInps=>Cls:1306
[31546:ctp-raw-decoder]: [17:55:42][IMPORTANT] CLASS:CMTVXVCH-B-NOPF-CRU:6 Cls=>Inp:1442 Inp=>Cls:1448  ErrorsCls=>Inps:0  MissingInps=>Cls:0
[31546:ctp-raw-decoder]: [17:55:42][IMPORTANT] CLASS:CMTVXVCH-A-NOPF-CRU:7 Cls=>Inp:0 Inp=>Cls:1448  ErrorsCls=>Inps:0  MissingInps=>Cls:1286
[31546:ctp-raw-decoder]: [17:55:42][IMPORTANT] CLASS:CMTVXVCH-C-NOPF-CRU:8 Cls=>Inp:0 Inp=>Cls:1448  ErrorsCls=>Inps:0  MissingInps=>Cls:1286
[31546:ctp-raw-decoder]: [17:55:42][IMPORTANT] CLASS:CMTVXVCH-E-NOPF-CRU:9 Cls=>Inp:0 Inp=>Cls:1448  ErrorsCls=>Inps:0  MissingInps=>Cls:1286
[31546:ctp-raw-decoder]: [17:55:42][IMPORTANT] CLASS:CMTVXTSC-B-NOPF-CRU:10 Cls=>Inp:1312 Inp=>Cls:1359  ErrorsCls=>Inps:0  MissingInps=>Cls:47
[31546:ctp-raw-decoder]: [17:55:42][IMPORTANT] CLASS:CMTVXTSC-A-NOPF-CRU:11 Cls=>Inp:0 Inp=>Cls:1359  ErrorsCls=>Inps:0  MissingInps=>Cls:1206
[31546:ctp-raw-decoder]: [17:55:42][IMPORTANT] CLASS:CMTVXTSC-C-NOPF-CRU:12 Cls=>Inp:0 Inp=>Cls:1359  ErrorsCls=>Inps:0  MissingInps=>Cls:1206
[31546:ctp-raw-decoder]: [17:55:42][IMPORTANT] CLASS:CMTVXTSC-E-NOPF-CRU:13 Cls=>Inp:0 Inp=>Cls:1359  ErrorsCls=>Inps:0  MissingInps=>Cls:1206
[31546:ctp-raw-decoder]: [17:55:42][IMPORTANT] CLASS:C1ZNC-B-NOPF-CRU:14 Cls=>Inp:75904 Inp=>Cls:75955  ErrorsCls=>Inps:0  MissingInps=>Cls:51
[31546:ctp-raw-decoder]: [17:55:42][IMPORTANT] CLASS:CMTRUE-B-NOPF-CRU:15 Cls=>Inp:0 Inp=>Cls:0  ErrorsCls=>Inps:0  MissingInps=>Cls:0
[31546:ctp-raw-decoder]: [17:55:42][IMPORTANT] CLASS:Cls16:16 Cls=>Inp:0 Inp=>Cls:0  ErrorsCls=>Inps:0  MissingInps=>Cls:0
[31546:ctp-raw-decoder]: [17:55:42][IMPORTANT] CLASS:Cls17:17 Cls=>Inp:0 Inp=>Cls:0  ErrorsCls=>Inps:0  MissingInps=>Cls:0
[31546:ctp-raw-decoder]: [17:55:42][IMPORTANT] CLASS:Cls18:18 Cls=>Inp:0 Inp=>Cls:0  ErrorsCls=>Inps:0  MissingInps=>Cls:0
[31546:ctp-raw-decoder]: [17:55:42][IMPORTANT] CLASS:Cls19:19 Cls=>Inp:0 Inp=>Cls:0  ErrorsCls=>Inps:0  MissingInps=>Cls:0
[31546:ctp-raw-decoder]: [17:55:42][IMPORTANT] CLASS:Cls20:20 Cls=>Inp:0 Inp=>Cls:0  ErrorsCls=>Inps:0  MissingInps=>Cls:0
[31546:ctp-raw-decoder]: [17:55:42][IMPORTANT] CLASS:Cls21:21 Cls=>Inp:0 Inp=>Cls:0  ErrorsCls=>Inps:0  MissingInps=>Cls:0
[31546:ctp-raw-decoder]: [17:55:42][IMPORTANT] CLASS:Cls22:22 Cls=>Inp:0 Inp=>Cls:0  ErrorsCls=>Inps:0  MissingInps=>Cls:0
[31546:ctp-raw-decoder]: [17:55:42][IMPORTANT] CLASS:Cls23:23 Cls=>Inp:0 Inp=>Cls:0  ErrorsCls=>Inps:0  MissingInps=>Cls:0
[31546:ctp-raw-decoder]: [17:55:42][IMPORTANT] CLASS:Cls24:24 Cls=>Inp:0 Inp=>Cls:0  ErrorsCls=>Inps:0  MissingInps=>Cls:0
[31546:ctp-raw-decoder]: [17:55:42][IMPORTANT] CLASS:Cls25:25 Cls=>Inp:0 Inp=>Cls:0  ErrorsCls=>Inps:0  MissingInps=>Cls:0
[31546:ctp-raw-decoder]: [17:55:42][IMPORTANT] CLASS:Cls26:26 Cls=>Inp:0 Inp=>Cls:0  ErrorsCls=>Inps:0  MissingInps=>Cls:0
[31546:ctp-raw-decoder]: [17:55:42][IMPORTANT] CLASS:Cls27:27 Cls=>Inp:0 Inp=>Cls:0  ErrorsCls=>Inps:0  MissingInps=>Cls:0
[31546:ctp-raw-decoder]: [17:55:42][IMPORTANT] CLASS:Cls28:28 Cls=>Inp:0 Inp=>Cls:0  ErrorsCls=>Inps:0  MissingInps=>Cls:0
[31546:ctp-raw-decoder]: [17:55:42][IMPORTANT] CLASS:Cls29:29 Cls=>Inp:0 Inp=>Cls:0  ErrorsCls=>Inps:0  MissingInps=>Cls:0
[31546:ctp-raw-decoder]: [17:55:42][IMPORTANT] CLASS:Cls30:30 Cls=>Inp:0 Inp=>Cls:0  ErrorsCls=>Inps:0  MissingInps=>Cls:0
[31546:ctp-raw-decoder]: [17:55:42][IMPORTANT] CLASS:Cls31:31 Cls=>Inp:0 Inp=>Cls:0  ErrorsCls=>Inps:0  MissingInps=>Cls:0
[31546:ctp-raw-decoder]: [17:55:42][IMPORTANT] CLASS:Cls32:32 Cls=>Inp:0 Inp=>Cls:0  ErrorsCls=>Inps:0  MissingInps=>Cls:0
[31546:ctp-raw-decoder]: [17:55:42][IMPORTANT] CLASS:Cls33:33 Cls=>Inp:0 Inp=>Cls:0  ErrorsCls=>Inps:0  MissingInps=>Cls:0
[31546:ctp-raw-decoder]: [17:55:42][IMPORTANT] CLASS:Cls34:34 Cls=>Inp:0 Inp=>Cls:0  ErrorsCls=>Inps:0  MissingInps=>Cls:0
[31546:ctp-raw-decoder]: [17:55:42][IMPORTANT] CLASS:Cls35:35 Cls=>Inp:0 Inp=>Cls:0  ErrorsCls=>Inps:0  MissingInps=>Cls:0
[31546:ctp-raw-decoder]: [17:55:42][IMPORTANT] CLASS:Cls36:36 Cls=>Inp:0 Inp=>Cls:0  ErrorsCls=>Inps:0  MissingInps=>Cls:0
[31546:ctp-raw-decoder]: [17:55:42][IMPORTANT] CLASS:Cls37:37 Cls=>Inp:0 Inp=>Cls:0  ErrorsCls=>Inps:0  MissingInps=>Cls:0
[31546:ctp-raw-decoder]: [17:55:42][IMPORTANT] CLASS:Cls38:38 Cls=>Inp:0 Inp=>Cls:0  ErrorsCls=>Inps:0  MissingInps=>Cls:0
[31546:ctp-raw-decoder]: [17:55:42][IMPORTANT] CLASS:Cls39:39 Cls=>Inp:0 Inp=>Cls:0  ErrorsCls=>Inps:0  MissingInps=>Cls:0
[31546:ctp-raw-decoder]: [17:55:42][IMPORTANT] CLASS:Cls40:40 Cls=>Inp:0 Inp=>Cls:0  ErrorsCls=>Inps:0  MissingInps=>Cls:0
[31546:ctp-raw-decoder]: [17:55:42][IMPORTANT] CLASS:Cls41:41 Cls=>Inp:0 Inp=>Cls:0  ErrorsCls=>Inps:0  MissingInps=>Cls:0
[31546:ctp-raw-decoder]: [17:55:42][IMPORTANT] CLASS:Cls42:42 Cls=>Inp:0 Inp=>Cls:0  ErrorsCls=>Inps:0  MissingInps=>Cls:0
[31546:ctp-raw-decoder]: [17:55:42][IMPORTANT] CLASS:Cls43:43 Cls=>Inp:0 Inp=>Cls:0  ErrorsCls=>Inps:0  MissingInps=>Cls:0
[31546:ctp-raw-decoder]: [17:55:42][IMPORTANT] CLASS:Cls44:44 Cls=>Inp:0 Inp=>Cls:0  ErrorsCls=>Inps:0  MissingInps=>Cls:0
[31546:ctp-raw-decoder]: [17:55:42][IMPORTANT] CLASS:Cls45:45 Cls=>Inp:0 Inp=>Cls:0  ErrorsCls=>Inps:0  MissingInps=>Cls:0
[31546:ctp-raw-decoder]: [17:55:42][IMPORTANT] CLASS:Cls46:46 Cls=>Inp:0 Inp=>Cls:0  ErrorsCls=>Inps:0  MissingInps=>Cls:0
[31546:ctp-raw-decoder]: [17:55:42][IMPORTANT] CLASS:Cls47:47 Cls=>Inp:0 Inp=>Cls:0  ErrorsCls=>Inps:0  MissingInps=>Cls:0
[31546:ctp-raw-decoder]: [17:55:42][IMPORTANT] CLASS:Cls48:48 Cls=>Inp:0 Inp=>Cls:0  ErrorsCls=>Inps:0  MissingInps=>Cls:0
[31546:ctp-raw-decoder]: [17:55:42][IMPORTANT] CLASS:Cls49:49 Cls=>Inp:0 Inp=>Cls:0  ErrorsCls=>Inps:0  MissingInps=>Cls:0
[31546:ctp-raw-decoder]: [17:55:42][IMPORTANT] CLASS:Cls50:50 Cls=>Inp:0 Inp=>Cls:0  ErrorsCls=>Inps:0  MissingInps=>Cls:0
[31546:ctp-raw-decoder]: [17:55:42][IMPORTANT] CLASS:Cls51:51 Cls=>Inp:0 Inp=>Cls:0  ErrorsCls=>Inps:0  MissingInps=>Cls:0
[31546:ctp-raw-decoder]: [17:55:42][IMPORTANT] CLASS:Cls52:52 Cls=>Inp:0 Inp=>Cls:0  ErrorsCls=>Inps:0  MissingInps=>Cls:0
[31546:ctp-raw-decoder]: [17:55:42][IMPORTANT] CLASS:Cls53:53 Cls=>Inp:0 Inp=>Cls:0  ErrorsCls=>Inps:0  MissingInps=>Cls:0
[31546:ctp-raw-decoder]: [17:55:42][IMPORTANT] CLASS:Cls54:54 Cls=>Inp:0 Inp=>Cls:0  ErrorsCls=>Inps:0  MissingInps=>Cls:0
[31546:ctp-raw-decoder]: [17:55:42][IMPORTANT] CLASS:Cls55:55 Cls=>Inp:0 Inp=>Cls:0  ErrorsCls=>Inps:0  MissingInps=>Cls:0
[31546:ctp-raw-decoder]: [17:55:42][IMPORTANT] CLASS:Cls56:56 Cls=>Inp:0 Inp=>Cls:0  ErrorsCls=>Inps:0  MissingInps=>Cls:0
[31546:ctp-raw-decoder]: [17:55:42][IMPORTANT] CLASS:Cls57:57 Cls=>Inp:0 Inp=>Cls:0  ErrorsCls=>Inps:0  MissingInps=>Cls:0
[31546:ctp-raw-decoder]: [17:55:42][IMPORTANT] CLASS:Cls58:58 Cls=>Inp:0 Inp=>Cls:0  ErrorsCls=>Inps:0  MissingInps=>Cls:0
[31546:ctp-raw-decoder]: [17:55:42][IMPORTANT] CLASS:Cls59:59 Cls=>Inp:0 Inp=>Cls:0  ErrorsCls=>Inps:0  MissingInps=>Cls:0
[31546:ctp-raw-decoder]: [17:55:42][IMPORTANT] CLASS:Cls60:60 Cls=>Inp:0 Inp=>Cls:0  ErrorsCls=>Inps:0  MissingInps=>Cls:0
[31546:ctp-raw-decoder]: [17:55:42][IMPORTANT] CLASS:Cls61:61 Cls=>Inp:0 Inp=>Cls:0  ErrorsCls=>Inps:0  MissingInps=>Cls:0
[31546:ctp-raw-decoder]: [17:55:42][IMPORTANT] CLASS:Cls62:62 Cls=>Inp:0 Inp=>Cls:0  ErrorsCls=>Inps:0  MissingInps=>Cls:0
[31546:ctp-raw-decoder]: [17:55:42][IMPORTANT] CLASS:Cls63:63 Cls=>Inp:0 Inp=>Cls:0  ErrorsCls=>Inps:0  MissingInps=>Cls:0
[31546:ctp-raw-decoder]: [17:55:42][INFO] Sending end-of-stream message to channel from_ctp-raw-decoder_to_ctp-digit-writer
[INFO] Quitting
[INFO] Quit requested at Wed May 27 17:55:42 2026

[31545:internal-dpl-ccdb-backend]: [17:55:43][INFO] Received device shutdown request (signal 15).
[31545:internal-dpl-ccdb-backend]: [17:55:43][INFO] Waiting for graceful device shutdown. Hit Ctrl-C again to abort immediately.
[31545:internal-dpl-ccdb-backend]: [17:55:43][INFO] New state requested. No timeout set, quitting immediately as per --completion-policy
[31545:internal-dpl-ccdb-backend]: [17:55:43][INFO] CCDB cache miss/hit ratio (7168 fetched / 87040 requested bytes):
[31545:internal-dpl-ccdb-backend]: [17:55:43][INFO]   CTP/Config/TriggerOffsets: 1/11 (2048-2048 bytes)
[31545:internal-dpl-ccdb-backend]: [17:55:43][INFO]   CTP/Config/Config: 1/11 (4096-4096 bytes)
[31545:internal-dpl-ccdb-backend]: [17:55:43][INFO]   CTP/Calib/OrbitReset: 1/12 (1024-1024 bytes)
[31545:internal-dpl-ccdb-backend]: [17:55:43][STATE] RUNNING ---> READY
[31545:internal-dpl-ccdb-backend]: [17:55:43][STATE] READY ---> RESETTING TASK
[31545:internal-dpl-ccdb-backend]: [17:55:43][STATE] RESETTING TASK ---> DEVICE READY
[31545:internal-dpl-ccdb-backend]: [17:55:43][STATE] DEVICE READY ---> RESETTING DEVICE
[31545:internal-dpl-ccdb-backend]: [17:55:43][STATE] RESETTING DEVICE ---> IDLE
[31545:internal-dpl-ccdb-backend]: [17:55:43][STATE] IDLE ---> EXITING
[31545:internal-dpl-ccdb-backend]: [17:55:43][STATE] Exiting FairMQ state machine
[31547:ctp-digit-writer]: [17:55:43][INFO] Received device shutdown request (signal 15).
[31547:ctp-digit-writer]: [17:55:43][INFO] Waiting for graceful device shutdown. Hit Ctrl-C again to abort immediately.
[31547:ctp-digit-writer]: [17:55:43][INFO] New state requested. No timeout set, quitting immediately as per --completion-policy
[31546:ctp-raw-decoder]: [17:55:43][INFO] Received device shutdown request (signal 15).
[31546:ctp-raw-decoder]: [17:55:43][INFO] Waiting for graceful device shutdown. Hit Ctrl-C again to abort immediately.
[31546:ctp-raw-decoder]: [17:55:43][INFO] New state requested. No timeout set, quitting immediately as per --completion-policy
[31546:ctp-raw-decoder]: [17:55:43][STATE] RUNNING ---> READY
[31546:ctp-raw-decoder]: [17:55:43][STATE] READY ---> RESETTING TASK
[31546:ctp-raw-decoder]: [17:55:43][STATE] RESETTING TASK ---> DEVICE READY
[31546:ctp-raw-decoder]: [17:55:43][STATE] DEVICE READY ---> RESETTING DEVICE
[31546:ctp-raw-decoder]: [17:55:43][STATE] RESETTING DEVICE ---> IDLE
[31546:ctp-raw-decoder]: [17:55:43][STATE] IDLE ---> EXITING
[31546:ctp-raw-decoder]: [17:55:43][STATE] Exiting FairMQ state machine
[31543:internal-dpl-clock]: [17:55:43][INFO] Received device shutdown request (signal 15).
[31543:internal-dpl-clock]: [17:55:43][INFO] Waiting for graceful device shutdown. Hit Ctrl-C again to abort immediately.
[31543:internal-dpl-clock]: [17:55:43][INFO] New state requested. No timeout set, quitting immediately as per --completion-policy
[31543:internal-dpl-clock]: [17:55:43][INFO] Sending end-of-stream message to channel from_internal-dpl-clock_to_tf-reader
[31543:internal-dpl-clock]: [17:55:43][STATE] RUNNING ---> READY
[31543:internal-dpl-clock]: [17:55:43][STATE] READY ---> RESETTING TASK
[31543:internal-dpl-clock]: [17:55:43][STATE] RESETTING TASK ---> DEVICE READY
[31543:internal-dpl-clock]: [17:55:43][STATE] DEVICE READY ---> RESETTING DEVICE
[31543:internal-dpl-clock]: [17:55:43][STATE] RESETTING DEVICE ---> IDLE
[31543:internal-dpl-clock]: [17:55:43][STATE] IDLE ---> EXITING
[31543:internal-dpl-clock]: [17:55:43][STATE] Exiting FairMQ state machine
[31547:ctp-digit-writer]: [17:55:43][STATE] RUNNING ---> READY
[31547:ctp-digit-writer]: [17:55:43][STATE] READY ---> RESETTING TASK
[31547:ctp-digit-writer]: [17:55:43][STATE] RESETTING TASK ---> DEVICE READY
[31547:ctp-digit-writer]: [17:55:43][STATE] DEVICE READY ---> RESETTING DEVICE
[31547:ctp-digit-writer]: [17:55:43][STATE] RESETTING DEVICE ---> IDLE
[31547:ctp-digit-writer]: [17:55:43][STATE] IDLE ---> EXITING
[31547:ctp-digit-writer]: [17:55:43][STATE] Exiting FairMQ state machine
[31548:internal-dpl-injected-dummy-sink]: [17:55:43][INFO] Received device shutdown request (signal 15).
[31548:internal-dpl-injected-dummy-sink]: [17:55:43][INFO] Waiting for graceful device shutdown. Hit Ctrl-C again to abort immediately.
[31548:internal-dpl-injected-dummy-sink]: [17:55:43][INFO] New state requested. No timeout set, quitting immediately as per --completion-policy
[31548:internal-dpl-injected-dummy-sink]: [17:55:43][STATE] RUNNING ---> READY
[31548:internal-dpl-injected-dummy-sink]: [17:55:43][STATE] READY ---> RESETTING TASK
[31548:internal-dpl-injected-dummy-sink]: [17:55:43][STATE] RESETTING TASK ---> DEVICE READY
[31548:internal-dpl-injected-dummy-sink]: [17:55:43][STATE] DEVICE READY ---> RESETTING DEVICE
[31548:internal-dpl-injected-dummy-sink]: [17:55:43][STATE] RESETTING DEVICE ---> IDLE
[31548:internal-dpl-injected-dummy-sink]: [17:55:43][STATE] IDLE ---> EXITING
[31548:internal-dpl-injected-dummy-sink]: [17:55:43][STATE] Exiting FairMQ state machine
[31544:tf-reader]: [17:55:43][INFO] Received device shutdown request (signal 15).
[31544:tf-reader]: [17:55:43][INFO] Waiting for graceful device shutdown. Hit Ctrl-C again to abort immediately.
[31544:tf-reader]: [17:55:43][INFO] New state requested. No timeout set, quitting immediately as per --completion-policy
[31544:tf-reader]: [17:55:43][STATE] RUNNING ---> READY
[31544:tf-reader]: [17:55:43][STATE] READY ---> RESETTING TASK
[31544:tf-reader]: [17:55:43][STATE] RESETTING TASK ---> DEVICE READY
[31544:tf-reader]: [17:55:43][STATE] DEVICE READY ---> RESETTING DEVICE
[31544:tf-reader]: [17:55:43][INFO] Cleaning up for shared memory id '955f6912'...
[31544:tf-reader]: [17:55:43][INFO] Found 0 unmanaged regions...
[31544:tf-reader]: [17:55:43][INFO] Found 1 managed segments...
[31544:tf-reader]: [17:55:43][INFO] Successfully removed 'fmq_955f6912_m_0'.
[31544:tf-reader]: [17:55:43][INFO] Successfully removed 'fmq_955f6912_mng'.
[31544:tf-reader]: [17:55:43][STATE] RESETTING DEVICE ---> IDLE
[31544:tf-reader]: [17:55:43][STATE] IDLE ---> EXITING
[31544:tf-reader]: [17:55:43][STATE] Exiting FairMQ state machine
[INFO] ## Processes completed. Run summary:
[INFO] ### Devices started: 6
[INFO]  - Device internal-dpl-clock: pid 31543 (exit 0)
[INFO]  - Device tf-reader: pid 31544 (exit 0)
[INFO]  - Device internal-dpl-ccdb-backend: pid 31545 (exit 0)
[INFO]  - Device ctp-raw-decoder: pid 31546 (exit 0)
[INFO]  - Device ctp-digit-writer: pid 31547 (exit 0)
[INFO]  - Device internal-dpl-injected-dummy-sink: pid 31548 (exit 0)
[INFO] Dumping used configuration in dpl-config.json
