[INFO] Initialising O2 Data Processing Layer. Driver PID: 37800.
[INFO] Driver listening on port: 15880
[INFO] Rate limiting set up at 2000 MB and 64 timeframes distributed over 1 readers
[INFO] O2 Data Processing Layer initialised. We brake for nobody.
[INFO] Optimised build. O2DEBUG / LOG(debug) / LOGF(debug) / assert statement will not be shown.
[INFO] Redeployment of configuration asked.
[INFO] Starting internal-dpl-clock on pid 37809
[INFO] Starting tf-reader on pid 37810
[INFO] Starting internal-dpl-ccdb-backend on pid 37811
[INFO] Starting ctp-raw-decoder on pid 37812
[INFO] Starting ctp-digit-writer on pid 37813
[INFO] Starting internal-dpl-injected-dummy-sink on pid 37814
[INFO] Redeployment of configuration done.
[37809:internal-dpl-clock]: [INFO] Instrumenting crash signals
[37814:internal-dpl-injected-dummy-sink]: [INFO] Instrumenting crash signals
[37810:tf-reader]: [INFO] Instrumenting crash signals
[37809:internal-dpl-clock]: [INFO] Spawning new device internal-dpl-clock in process with pid 37809
[37814:internal-dpl-injected-dummy-sink]: [INFO] Spawning new device internal-dpl-injected-dummy-sink in process with pid 37814
[37809:internal-dpl-clock]: [19:44:37][INFO] 
[37809:internal-dpl-clock]:       ______      _    _______  _________ 
[37809:internal-dpl-clock]:      / ____/___ _(_)_______   |/  /_  __ \    version 1.10.1
[37809:internal-dpl-clock]:     / /_  / __ `/ / ___/__  /|_/ /_  / / /    build RELWITHDEBINFO
[37809:internal-dpl-clock]:    / __/ / /_/ / / /    _  /  / / / /_/ /     https://github.com/FairRootGroup/FairMQ
[37809:internal-dpl-clock]:   /_/    \__,_/_/_/     /_/  /_/  \___\_\     LGPL-3.0  © 2012-2025 GSI
[37809:internal-dpl-clock]: 
[37810:tf-reader]: [INFO] Spawning new device tf-reader in process with pid 37810
[37814:internal-dpl-injected-dummy-sink]: [19:44:37][INFO] 
[37814:internal-dpl-injected-dummy-sink]:       ______      _    _______  _________ 
[37814:internal-dpl-injected-dummy-sink]:      / ____/___ _(_)_______   |/  /_  __ \    version 1.10.1
[37814:internal-dpl-injected-dummy-sink]:     / /_  / __ `/ / ___/__  /|_/ /_  / / /    build RELWITHDEBINFO
[37814:internal-dpl-injected-dummy-sink]:    / __/ / /_/ / / /    _  /  / / / /_/ /     https://github.com/FairRootGroup/FairMQ
[37814:internal-dpl-injected-dummy-sink]:   /_/    \__,_/_/_/     /_/  /_/  \___\_\     LGPL-3.0  © 2012-2025 GSI
[37814:internal-dpl-injected-dummy-sink]: 
[37809:internal-dpl-clock]: [19:44:37][STATE] Starting FairMQ state machine --> IDLE
[37814:internal-dpl-injected-dummy-sink]: [19:44:37][STATE] Starting FairMQ state machine --> IDLE
[37810:tf-reader]: [19:44:37][INFO] 
[37810:tf-reader]:       ______      _    _______  _________ 
[37810:tf-reader]:      / ____/___ _(_)_______   |/  /_  __ \    version 1.10.1
[37810:tf-reader]:     / /_  / __ `/ / ___/__  /|_/ /_  / / /    build RELWITHDEBINFO
[37810:tf-reader]:    / __/ / /_/ / / /    _  /  / / / /_/ /     https://github.com/FairRootGroup/FairMQ
[37810:tf-reader]:   /_/    \__,_/_/_/     /_/  /_/  \___\_\     LGPL-3.0  © 2012-2025 GSI
[37810:tf-reader]: 
[37810:tf-reader]: [19:44:37][STATE] Starting FairMQ state machine --> IDLE
[37809:internal-dpl-clock]: [19:44:37][STATE] IDLE ---> INITIALIZING DEVICE
[37814:internal-dpl-injected-dummy-sink]: [19:44:37][STATE] IDLE ---> INITIALIZING DEVICE
[37810:tf-reader]: [19:44:37][STATE] IDLE ---> INITIALIZING DEVICE
[37810:tf-reader]: [19:44:37][INFO] Input contains 1 files, 0 remote
[37809:internal-dpl-clock]: [19:44:37][STATE] INITIALIZING DEVICE ---> INITIALIZED
[37809:internal-dpl-clock]: [19:44:37][STATE] INITIALIZED ---> BINDING
[37810:tf-reader]: [19:44:37][INFO] Finished file fetching: 1 of 1 files fetched successfully in 0 iterations
[37809:internal-dpl-clock]: [19:44:37][STATE] BINDING ---> BOUND
[37809:internal-dpl-clock]: [19:44:37][STATE] BOUND ---> CONNECTING
[37809:internal-dpl-clock]: [19:44:37][STATE] CONNECTING ---> DEVICE READY
[37809:internal-dpl-clock]: [19:44:37][STATE] DEVICE READY ---> INITIALIZING TASK
[37809:internal-dpl-clock]: [19:44:37][STATE] INITIALIZING TASK ---> READY
[37809:internal-dpl-clock]: [19:44:37][STATE] READY ---> RUNNING
[37809:internal-dpl-clock]: [19:44:37][INFO] fair::mq::Device running...
[37814:internal-dpl-injected-dummy-sink]: [19:44:37][STATE] INITIALIZING DEVICE ---> INITIALIZED
[37814:internal-dpl-injected-dummy-sink]: [19:44:37][STATE] INITIALIZED ---> BINDING
[37814:internal-dpl-injected-dummy-sink]: [19:44:37][STATE] BINDING ---> BOUND
[37814:internal-dpl-injected-dummy-sink]: [19:44:37][STATE] BOUND ---> CONNECTING
[37810:tf-reader]: [19:44:37][STATE] INITIALIZING DEVICE ---> INITIALIZED
[37810:tf-reader]: [19:44:37][STATE] INITIALIZED ---> BINDING
[37809:internal-dpl-clock]: [19:44:37][INFO] LHCPeriod is not available, using current month MAY
[37809:internal-dpl-clock]: [19:44:37][INFO] Correctly handshaken websocket connection.
[37810:tf-reader]: [19:44:37][STATE] BINDING ---> BOUND
[37810:tf-reader]: [19:44:37][STATE] BOUND ---> CONNECTING
[37814:internal-dpl-injected-dummy-sink]: [19:44:37][STATE] CONNECTING ---> DEVICE READY
[37814:internal-dpl-injected-dummy-sink]: [19:44:37][STATE] DEVICE READY ---> INITIALIZING TASK
[37814:internal-dpl-injected-dummy-sink]: [19:44:37][STATE] INITIALIZING TASK ---> READY
[37814:internal-dpl-injected-dummy-sink]: [19:44:37][STATE] READY ---> RUNNING
[37814:internal-dpl-injected-dummy-sink]: [19:44:37][INFO] fair::mq::Device running...
[37814:internal-dpl-injected-dummy-sink]: [19:44:37][INFO] LHCPeriod is not available, using current month MAY
[37810:tf-reader]: [19:44:37][STATE] CONNECTING ---> DEVICE READY
[37810:tf-reader]: [19:44:37][STATE] DEVICE READY ---> INITIALIZING TASK
[37814:internal-dpl-injected-dummy-sink]: [19:44:37][INFO] Correctly handshaken websocket connection.
[37810:tf-reader]: [19:44:37][STATE] INITIALIZING TASK ---> READY
[37810:tf-reader]: [19:44:37][STATE] READY ---> RUNNING
[37810:tf-reader]: [19:44:37][INFO] fair::mq::Device running...
[37810:tf-reader]: [19:44:37][INFO] LHCPeriod is not available, using current month MAY
[37810:tf-reader]: [19:44:37][INFO] Correctly handshaken websocket connection.
[37810:tf-reader]: [19:44:37][INFO] Processing file o2_rawtf_run00572163_tf00475979_epn186.tf
[37810:tf-reader]: [19:44:37][INFO] Block:1 CTP/RAWDATA with size 114304
[37810:tf-reader]: [19:44:37][INFO] Block:2 FLP/DISTSUBTIMEFRAME with size 168
[37810:tf-reader]: [19:44:37][INFO] Block:1 CTP/LUMI with size 192
[37812:ctp-raw-decoder]: [INFO] Instrumenting crash signals
[37813:ctp-digit-writer]: [INFO] Instrumenting crash signals
[37811:internal-dpl-ccdb-backend]: [INFO] Instrumenting crash signals
[37812:ctp-raw-decoder]: [INFO] Spawning new device ctp-raw-decoder in process with pid 37812
[37813:ctp-digit-writer]: [INFO] Spawning new device ctp-digit-writer in process with pid 37813
[37811:internal-dpl-ccdb-backend]: [INFO] Spawning new device internal-dpl-ccdb-backend in process with pid 37811
[37813:ctp-digit-writer]: [19:44:37][INFO] 
[37813:ctp-digit-writer]:       ______      _    _______  _________ 
[37813:ctp-digit-writer]:      / ____/___ _(_)_______   |/  /_  __ \    version 1.10.1
[37813:ctp-digit-writer]:     / /_  / __ `/ / ___/__  /|_/ /_  / / /    build RELWITHDEBINFO
[37813:ctp-digit-writer]:    / __/ / /_/ / / /    _  /  / / / /_/ /     https://github.com/FairRootGroup/FairMQ
[37813:ctp-digit-writer]:   /_/    \__,_/_/_/     /_/  /_/  \___\_\     LGPL-3.0  © 2012-2025 GSI
[37813:ctp-digit-writer]: 
[37812:ctp-raw-decoder]: [19:44:37][INFO] 
[37812:ctp-raw-decoder]:       ______      _    _______  _________ 
[37812:ctp-raw-decoder]:      / ____/___ _(_)_______   |/  /_  __ \    version 1.10.1
[37812:ctp-raw-decoder]:     / /_  / __ `/ / ___/__  /|_/ /_  / / /    build RELWITHDEBINFO
[37812:ctp-raw-decoder]:    / __/ / /_/ / / /    _  /  / / / /_/ /     https://github.com/FairRootGroup/FairMQ
[37812:ctp-raw-decoder]:   /_/    \__,_/_/_/     /_/  /_/  \___\_\     LGPL-3.0  © 2012-2025 GSI
[37812:ctp-raw-decoder]: 
[37813:ctp-digit-writer]: [19:44:37][STATE] Starting FairMQ state machine --> IDLE
[37812:ctp-raw-decoder]: [19:44:37][STATE] Starting FairMQ state machine --> IDLE
[37811:internal-dpl-ccdb-backend]: [19:44:37][INFO] 
[37811:internal-dpl-ccdb-backend]:       ______      _    _______  _________ 
[37811:internal-dpl-ccdb-backend]:      / ____/___ _(_)_______   |/  /_  __ \    version 1.10.1
[37811:internal-dpl-ccdb-backend]:     / /_  / __ `/ / ___/__  /|_/ /_  / / /    build RELWITHDEBINFO
[37811:internal-dpl-ccdb-backend]:    / __/ / /_/ / / /    _  /  / / / /_/ /     https://github.com/FairRootGroup/FairMQ
[37811:internal-dpl-ccdb-backend]:   /_/    \__,_/_/_/     /_/  /_/  \___\_\     LGPL-3.0  © 2012-2025 GSI
[37811:internal-dpl-ccdb-backend]: 
[37811:internal-dpl-ccdb-backend]: [19:44:37][STATE] Starting FairMQ state machine --> IDLE
[37813:ctp-digit-writer]: [19:44:37][STATE] IDLE ---> INITIALIZING DEVICE
[37812:ctp-raw-decoder]: [19:44:37][STATE] IDLE ---> INITIALIZING DEVICE
[37811:internal-dpl-ccdb-backend]: [19:44:37][STATE] IDLE ---> INITIALIZING DEVICE
[37812:ctp-raw-decoder]: [19:44:37][WARN] Input name without level:TVX
[37812:ctp-raw-decoder]: [19:44:37][WARN] Input name without level:VBA
[37812:ctp-raw-decoder]: [19:44:37][INFO] CTP reco init done. Inputs decoding here:0 DoLumi:0 DoDigits:1 NTF:90 Lumi inputs:TVX:3 VBA:6 Max errors:3 Max input size:0 MaxInputSizeFatal:0 CheckConsistency:0
[37812:ctp-raw-decoder]: [19:44:37][STATE] INITIALIZING DEVICE ---> INITIALIZED
[37812:ctp-raw-decoder]: [19:44:37][STATE] INITIALIZED ---> BINDING
[37812:ctp-raw-decoder]: [19:44:37][STATE] BINDING ---> BOUND
[37812:ctp-raw-decoder]: [19:44:37][STATE] BOUND ---> CONNECTING
[37812:ctp-raw-decoder]: [19:44:37][STATE] CONNECTING ---> DEVICE READY
[37812:ctp-raw-decoder]: [19:44:37][STATE] DEVICE READY ---> INITIALIZING TASK
[37812:ctp-raw-decoder]: [19:44:37][STATE] INITIALIZING TASK ---> READY
[37812:ctp-raw-decoder]: [19:44:37][STATE] READY ---> RUNNING
[37812:ctp-raw-decoder]: [19:44:37][INFO] fair::mq::Device running...
[37812:ctp-raw-decoder]: [19:44:37][INFO] LHCPeriod is not available, using current month MAY
[37812:ctp-raw-decoder]: [19:44:37][INFO] Correctly handshaken websocket connection.
[37811:internal-dpl-ccdb-backend]: [19:44:37][INFO] CCDB Backend at: http://alice-ccdb.cern.ch, validity check for every 2147483647 TF
[37811:internal-dpl-ccdb-backend]: [19:44:37][INFO] Hook to enable signposts for CCDB messages at 0xb5adc5820
[37811:internal-dpl-ccdb-backend]: [19:44:37][INFO] Init CcdApi with UserAgentID: MacOS_app/unknown@37811 target/Darwin_arm64 init/1779903877844 id/romanlietava@192.168.1.45 session/4NzwFyfs, Host: http://alice-ccdb.cern.ch, Curl timeouts: upload:20 download:5
[37811:internal-dpl-ccdb-backend]: [19:44:37][INFO] Initialised default CCDB host http://alice-ccdb.cern.ch
[37811:internal-dpl-ccdb-backend]: [19:44:37][INFO] The following route is a condition CTP/CTPCONFIG/0
[37811:internal-dpl-ccdb-backend]: [19:44:37][INFO] - ccdb-path: CTP/Config/Config
[37811:internal-dpl-ccdb-backend]: [19:44:37][INFO] The following route is a condition CTP/Trig_Offset/0
[37811:internal-dpl-ccdb-backend]: [19:44:37][INFO] - ccdb-path: CTP/Config/TriggerOffsets
[37811:internal-dpl-ccdb-backend]: [19:44:37][STATE] INITIALIZING DEVICE ---> INITIALIZED
[37811:internal-dpl-ccdb-backend]: [19:44:37][STATE] INITIALIZED ---> BINDING
[37811:internal-dpl-ccdb-backend]: [19:44:37][STATE] BINDING ---> BOUND
[37811:internal-dpl-ccdb-backend]: [19:44:37][STATE] BOUND ---> CONNECTING
[37811:internal-dpl-ccdb-backend]: [19:44:37][STATE] CONNECTING ---> DEVICE READY
[37811:internal-dpl-ccdb-backend]: [19:44:37][STATE] DEVICE READY ---> INITIALIZING TASK
[37811:internal-dpl-ccdb-backend]: [19:44:37][STATE] INITIALIZING TASK ---> READY
[37811:internal-dpl-ccdb-backend]: [19:44:37][STATE] READY ---> RUNNING
[37811:internal-dpl-ccdb-backend]: [19:44:37][INFO] fair::mq::Device running...
[37811:internal-dpl-ccdb-backend]: [19:44:37][INFO] LHCPeriod is not available, using current month MAY
[37811:internal-dpl-ccdb-backend]: [19:44:37][INFO] Correctly handshaken websocket connection.
[37813:ctp-digit-writer]: [19:44:37][INFO] 0: branch  CTPDigits set up
[37813:ctp-digit-writer]: [19:44:37][STATE] INITIALIZING DEVICE ---> INITIALIZED
[37813:ctp-digit-writer]: [19:44:37][STATE] INITIALIZED ---> BINDING
[37813:ctp-digit-writer]: [19:44:37][STATE] BINDING ---> BOUND
[37813:ctp-digit-writer]: [19:44:37][STATE] BOUND ---> CONNECTING
[37813:ctp-digit-writer]: [19:44:37][STATE] CONNECTING ---> DEVICE READY
[37813:ctp-digit-writer]: [19:44:37][STATE] DEVICE READY ---> INITIALIZING TASK
[37813:ctp-digit-writer]: [19:44:37][STATE] INITIALIZING TASK ---> READY
[37813:ctp-digit-writer]: [19:44:37][STATE] READY ---> RUNNING
[37813:ctp-digit-writer]: [19:44:37][INFO] fair::mq::Device running...
[37813:ctp-digit-writer]: [19:44:37][INFO] LHCPeriod is not available, using current month MAY
[37813:ctp-digit-writer]: [19:44:37][INFO] Correctly handshaken websocket connection.
[37810:tf-reader]: [19:44:37][INFO] Sent TF 0 of size 114664 with 66 parts, 0.0000 s elapsed from previous TF., WaitSending=false
[37810:tf-reader]: [19:44:37][INFO] Block:1 CTP/RAWDATA with size 115152
[37810:tf-reader]: [19:44:37][INFO] Block:2 FLP/DISTSUBTIMEFRAME with size 168
[37810:tf-reader]: [19:44:37][INFO] Block:1 CTP/LUMI with size 192
[37810:tf-reader]: [19:44:37][INFO] Sent TF 1 of size 115512 with 66 parts, 0.0002 s elapsed from previous TF., WaitSending=false
[37810:tf-reader]: [19:44:37][INFO] Block:1 CTP/RAWDATA with size 114320
[37810:tf-reader]: [19:44:37][INFO] Block:2 FLP/DISTSUBTIMEFRAME with size 168
[37810:tf-reader]: [19:44:37][INFO] Block:1 CTP/LUMI with size 192
[37810:tf-reader]: [19:44:37][INFO] Sent TF 2 of size 114680 with 66 parts, 0.0003 s elapsed from previous TF., WaitSending=false
[37810:tf-reader]: [19:44:37][INFO] Block:1 CTP/RAWDATA with size 114736
[37810:tf-reader]: [19:44:37][INFO] Block:2 FLP/DISTSUBTIMEFRAME with size 168
[37810:tf-reader]: [19:44:37][INFO] Block:1 CTP/LUMI with size 192
[37810:tf-reader]: [19:44:37][INFO] Sent TF 3 of size 115096 with 66 parts, 0.0001 s elapsed from previous TF., WaitSending=false
[37810:tf-reader]: [19:44:37][INFO] Block:1 CTP/RAWDATA with size 114800
[37810:tf-reader]: [19:44:37][INFO] Block:2 FLP/DISTSUBTIMEFRAME with size 168
[37810:tf-reader]: [19:44:37][INFO] Block:1 CTP/LUMI with size 192
[37810:tf-reader]: [19:44:37][INFO] Sent TF 4 of size 115160 with 66 parts, 0.0161 s elapsed from previous TF., WaitSending=true
[37810:tf-reader]: [19:44:38][INFO] Block:1 CTP/RAWDATA with size 115440
[37810:tf-reader]: [19:44:38][INFO] Block:2 FLP/DISTSUBTIMEFRAME with size 168
[37810:tf-reader]: [19:44:38][INFO] Block:1 CTP/LUMI with size 192
[37810:tf-reader]: [19:44:38][INFO] Sent TF 5 of size 115800 with 66 parts, 0.0126 s elapsed from previous TF., WaitSending=false
[37810:tf-reader]: [19:44:38][INFO] Block:1 CTP/RAWDATA with size 113936
[37810:tf-reader]: [19:44:38][INFO] Block:2 FLP/DISTSUBTIMEFRAME with size 168
[37810:tf-reader]: [19:44:38][INFO] Block:1 CTP/LUMI with size 192
[37810:tf-reader]: [19:44:38][INFO] Sent TF 6 of size 114296 with 66 parts, 0.0001 s elapsed from previous TF., WaitSending=false
[37810:tf-reader]: [19:44:38][INFO] Block:1 CTP/RAWDATA with size 114880
[37810:tf-reader]: [19:44:38][INFO] Block:2 FLP/DISTSUBTIMEFRAME with size 168
[37810:tf-reader]: [19:44:38][INFO] Block:1 CTP/LUMI with size 192
[37810:tf-reader]: [19:44:38][INFO] Sent TF 7 of size 115240 with 66 parts, 0.0001 s elapsed from previous TF., WaitSending=false
[37810:tf-reader]: [19:44:38][INFO] Block:1 CTP/RAWDATA with size 115808
[37810:tf-reader]: [19:44:38][INFO] Block:2 FLP/DISTSUBTIMEFRAME with size 168
[37810:tf-reader]: [19:44:38][INFO] Block:1 CTP/LUMI with size 192
[37810:tf-reader]: [19:44:38][INFO] Sent TF 8 of size 116168 with 66 parts, 0.0147 s elapsed from previous TF., WaitSending=true
[37810:tf-reader]: [19:44:38][INFO] Block:1 CTP/RAWDATA with size 114416
[37810:tf-reader]: [19:44:38][INFO] Block:2 FLP/DISTSUBTIMEFRAME with size 168
[37810:tf-reader]: [19:44:38][INFO] Block:1 CTP/LUMI with size 192
[37810:tf-reader]: [19:44:38][INFO] Sent TF 9 of size 114776 with 66 parts, 0.0127 s elapsed from previous TF., WaitSending=false
[37810:tf-reader]: [19:44:38][INFO] Block:1 CTP/RAWDATA with size 114944
[37810:tf-reader]: [19:44:38][INFO] Block:2 FLP/DISTSUBTIMEFRAME with size 168
[37810:tf-reader]: [19:44:38][INFO] Block:1 CTP/LUMI with size 192
[37810:tf-reader]: [19:44:38][INFO] Sent TF 10 of size 115304 with 66 parts, 0.0001 s elapsed from previous TF., WaitSending=false
[37810:tf-reader]: [19:44:38][INFO] Block:1 CTP/RAWDATA with size 115520
[37810:tf-reader]: [19:44:38][INFO] Block:2 FLP/DISTSUBTIMEFRAME with size 168
[37810:tf-reader]: [19:44:38][INFO] Block:1 CTP/LUMI with size 192
[37810:tf-reader]: [19:44:38][INFO] Sent TF 11 of size 115880 with 66 parts, 0.0001 s elapsed from previous TF., WaitSending=false
[37810:tf-reader]: [19:44:38][INFO] Block:1 CTP/RAWDATA with size 114608
[37810:tf-reader]: [19:44:38][INFO] Block:2 FLP/DISTSUBTIMEFRAME with size 168
[37810:tf-reader]: [19:44:38][INFO] Block:1 CTP/LUMI with size 192
[37810:tf-reader]: [19:44:38][INFO] Sent TF 12 of size 114968 with 66 parts, 0.0139 s elapsed from previous TF., WaitSending=true
[37810:tf-reader]: [19:44:38][INFO] Block:1 CTP/RAWDATA with size 114512
[37810:tf-reader]: [19:44:38][INFO] Block:2 FLP/DISTSUBTIMEFRAME with size 168
[37810:tf-reader]: [19:44:38][INFO] Block:1 CTP/LUMI with size 192
[37810:tf-reader]: [19:44:38][INFO] Sent TF 13 of size 114872 with 66 parts, 0.0110 s elapsed from previous TF., WaitSending=false
[37810:tf-reader]: [19:44:38][INFO] Block:1 CTP/RAWDATA with size 114736
[37810:tf-reader]: [19:44:38][INFO] Block:2 FLP/DISTSUBTIMEFRAME with size 168
[37810:tf-reader]: [19:44:38][INFO] Block:1 CTP/LUMI with size 192
[37810:tf-reader]: [19:44:38][INFO] Sent TF 14 of size 115096 with 66 parts, 0.0001 s elapsed from previous TF., WaitSending=false
[37810:tf-reader]: [19:44:38][INFO] Block:1 CTP/RAWDATA with size 115312
[37810:tf-reader]: [19:44:38][INFO] Block:2 FLP/DISTSUBTIMEFRAME with size 168
[37810:tf-reader]: [19:44:38][INFO] Block:1 CTP/LUMI with size 192
[37810:tf-reader]: [19:44:38][INFO] Sent TF 15 of size 115672 with 66 parts, 0.0001 s elapsed from previous TF., WaitSending=false
[37810:tf-reader]: [19:44:38][INFO] Block:1 CTP/RAWDATA with size 114304
[37810:tf-reader]: [19:44:38][INFO] Block:2 FLP/DISTSUBTIMEFRAME with size 168
[37810:tf-reader]: [19:44:38][INFO] Block:1 CTP/LUMI with size 192
[37810:tf-reader]: [19:44:38][INFO] Sent TF 16 of size 114664 with 66 parts, 0.0156 s elapsed from previous TF., WaitSending=true
[37810:tf-reader]: [19:44:38][INFO] Block:1 CTP/RAWDATA with size 109664
[37810:tf-reader]: [19:44:38][INFO] Block:2 FLP/DISTSUBTIMEFRAME with size 168
[37810:tf-reader]: [19:44:38][INFO] Block:1 CTP/LUMI with size 192
[37810:tf-reader]: [19:44:38][INFO] Sent TF 17 of size 110024 with 66 parts, 0.0127 s elapsed from previous TF., WaitSending=false
[37810:tf-reader]: [19:44:38][INFO] Block:1 CTP/RAWDATA with size 108064
[37810:tf-reader]: [19:44:38][INFO] Block:2 FLP/DISTSUBTIMEFRAME with size 168
[37810:tf-reader]: [19:44:38][INFO] Block:1 CTP/LUMI with size 192
[37810:tf-reader]: [19:44:38][INFO] Sent TF 18 of size 108424 with 66 parts, 0.0001 s elapsed from previous TF., WaitSending=false
[37810:tf-reader]: [19:44:38][INFO] Block:1 CTP/RAWDATA with size 102704
[37810:tf-reader]: [19:44:38][INFO] Block:2 FLP/DISTSUBTIMEFRAME with size 168
[37810:tf-reader]: [19:44:38][INFO] Block:1 CTP/LUMI with size 192
[37810:tf-reader]: [19:44:38][INFO] Sent TF 19 of size 103064 with 66 parts, 0.0001 s elapsed from previous TF., WaitSending=false
[37810:tf-reader]: [19:44:38][INFO] Block:1 CTP/RAWDATA with size 100496
[37810:tf-reader]: [19:44:38][INFO] Block:2 FLP/DISTSUBTIMEFRAME with size 168
[37810:tf-reader]: [19:44:38][INFO] Block:1 CTP/LUMI with size 192
[37810:tf-reader]: [19:44:38][INFO] Sent TF 20 of size 100856 with 66 parts, 0.0125 s elapsed from previous TF., WaitSending=true
[37810:tf-reader]: [19:44:38][INFO] Block:1 CTP/RAWDATA with size 102240
[37810:tf-reader]: [19:44:38][INFO] Block:2 FLP/DISTSUBTIMEFRAME with size 168
[37810:tf-reader]: [19:44:38][INFO] Block:1 CTP/LUMI with size 192
[37810:tf-reader]: [19:44:38][INFO] Sent TF 21 of size 102600 with 66 parts, 0.0127 s elapsed from previous TF., WaitSending=false
[37810:tf-reader]: [19:44:38][INFO] Block:1 CTP/RAWDATA with size 100800
[37810:tf-reader]: [19:44:38][INFO] Block:2 FLP/DISTSUBTIMEFRAME with size 168
[37810:tf-reader]: [19:44:38][INFO] Block:1 CTP/LUMI with size 192
[37810:tf-reader]: [19:44:38][INFO] Sent TF 22 of size 101160 with 66 parts, 0.0001 s elapsed from previous TF., WaitSending=false
[37810:tf-reader]: [19:44:38][INFO] Block:1 CTP/RAWDATA with size 100352
[37810:tf-reader]: [19:44:38][INFO] Block:2 FLP/DISTSUBTIMEFRAME with size 168
[37810:tf-reader]: [19:44:38][INFO] Block:1 CTP/LUMI with size 192
[37811:internal-dpl-ccdb-backend]: Info in <TJAlienConnectionManager>: Opening connection to JCentral. Please wait
[37811:internal-dpl-ccdb-backend]: Info in <TJAlienConnectionManager>: Opening connection to 128.142.249.33
[37811:internal-dpl-ccdb-backend]: Info in <TJAlienConnectionManager>: Successfully connected to 128.142.249.33
[37811:internal-dpl-ccdb-backend]: Info in <TJAlienFile::Open>: Accessing file /alice/data/CCDB/CTP/Calib/OrbitReset/14/21025/555b8c2f-59af-11f1-b135-0aa140641b9a in SE <ALICE::CCIN2P3::SE>
[37811:internal-dpl-ccdb-backend]: [19:44:41][INFO] ccdb reads http://alice-ccdb.cern.ch/CTP/Calib/OrbitReset/1779874501102/555b8c2f-59af-11f1-b135-0aa140641b9a for 1779878361801 (load to memory, agent_id: MacOS_app/unknown@37811 target/Darwin_arm64 init/1779903877844 id/romanlietava@192.168.1.45 session/4NzwFyfs), 
[37811:internal-dpl-ccdb-backend]: Info in <TJAlienFile::Open>: Accessing file /alice/data/CCDB/CTP/Config/Config/14/19192/1f062358-59b5-11f1-b135-0aa140641b9a in SE <ALICE::CCIN2P3::SE>
[37811:internal-dpl-ccdb-backend]: [19:44:44][INFO] ccdb reads http://alice-ccdb.cern.ch/CTP/Config/Config/1779876386961/1f062358-59b5-11f1-b135-0aa140641b9a for 1779878360766 (load to memory, agent_id: MacOS_app/unknown@37811 target/Darwin_arm64 init/1779903877844 id/romanlietava@192.168.1.45 session/4NzwFyfs), 
[37811:internal-dpl-ccdb-backend]: Info in <TJAlienFile::Open>: Accessing file /alice/data/CCDB/CTP/Config/TriggerOffsets/06/49287/56b4c228-70dc-11ee-bc26-2a010e0a0b16 in SE <ALICE::UPB::CCDB>
[37811:internal-dpl-ccdb-backend]: [19:44:45][INFO] ccdb reads http://alice-ccdb.cern.ch/CTP/Config/TriggerOffsets/1696975200000/56b4c228-70dc-11ee-bc26-2a010e0a0b16 for 1779878360766 (load to memory, agent_id: MacOS_app/unknown@37811 target/Darwin_arm64 init/1779903877844 id/romanlietava@192.168.1.45 session/4NzwFyfs), 
[37812:ctp-raw-decoder]: [19:44:45][INFO] Caching in 12888190864 ptr to CTP/Trig_Offset/0 (0x1036d8280)
[37812:ctp-raw-decoder]: [19:44:45][INFO] updateing TroggerOffsetsParam: inputs L0_L1:281 classes L0_L1:280
[37812:ctp-raw-decoder]: [19:44:45][INFO] Caching in 12888185944 ptr to CTP/CTPCONFIG/0 (0xc17c18900)
[37812:ctp-raw-decoder]: [19:44:45][INFO] ctpconfig for run done:572163
[37812:ctp-raw-decoder]: tforbit==================>43403776 2964a00
[37812:ctp-raw-decoder]: [19:44:45][INFO] RDH version:7 Padding:0
[37812:ctp-raw-decoder]: tforbit==================>2964a00 2964a00
[37812:ctp-raw-decoder]: [19:44:45][INFO] [CTPRawToDigitConverter - run] Writing 11325 digits. IR rejected:0 TCR rejected:3
[37813:ctp-digit-writer]: [19:44:45][INFO] CTPDigitWriter pulled 11325 digits
[37812:ctp-raw-decoder]: tforbit==================>2966380 2966380
[37812:ctp-raw-decoder]: tforbit==================>2966380 2966380
[37812:ctp-raw-decoder]: [19:44:45][INFO] [CTPRawToDigitConverter - run] Writing 11417 digits. IR rejected:0 TCR rejected:6
[37810:tf-reader]: [19:44:45][INFO] Sent TF 23 of size 100712 with 66 parts, 6.9790 s elapsed from previous TF., WaitSending=false
[37812:ctp-raw-decoder]: tforbit==================>2967d00 2967d00
[37810:tf-reader]: [19:44:45][INFO] Block:1 CTP/RAWDATA with size 102880
[37810:tf-reader]: [19:44:45][INFO] Block:2 FLP/DISTSUBTIMEFRAME with size 168
[37810:tf-reader]: [19:44:45][INFO] Block:1 CTP/LUMI with size 192
[37810:tf-reader]: [19:44:45][INFO] Sent TF 24 of size 103240 with 66 parts, 0.0003 s elapsed from previous TF., WaitSending=false
[37810:tf-reader]: [19:44:45][INFO] Block:1 CTP/RAWDATA with size 100736
[37810:tf-reader]: [19:44:45][INFO] Block:2 FLP/DISTSUBTIMEFRAME with size 168
[37810:tf-reader]: [19:44:45][INFO] Block:1 CTP/LUMI with size 192
[37813:ctp-digit-writer]: [19:44:45][INFO] CTPDigitWriter pulled 11417 digits
[37812:ctp-raw-decoder]: tforbit==================>2967d00 2967d00
[37812:ctp-raw-decoder]: [19:44:45][INFO] [CTPRawToDigitConverter - run] Writing 11301 digits. IR rejected:0 TCR rejected:8
[37810:tf-reader]: [19:44:45][INFO] Sent TF 25 of size 101096 with 66 parts, 0.0038 s elapsed from previous TF., WaitSending=false
[37812:ctp-raw-decoder]: tforbit==================>2969680 2969680
[37810:tf-reader]: [19:44:45][INFO] Block:1 CTP/RAWDATA with size 101536
[37810:tf-reader]: [19:44:45][INFO] Block:2 FLP/DISTSUBTIMEFRAME with size 168
[37810:tf-reader]: [19:44:45][INFO] Block:1 CTP/LUMI with size 192
[37810:tf-reader]: [19:44:45][INFO] Sent TF 26 of size 101896 with 66 parts, 0.0001 s elapsed from previous TF., WaitSending=false
[37813:ctp-digit-writer]: [19:44:45][INFO] CTPDigitWriter pulled 11301 digits
[37812:ctp-raw-decoder]: tforbit==================>2969680 2969680
[37812:ctp-raw-decoder]: [19:44:45][INFO] [CTPRawToDigitConverter - run] Writing 11352 digits. IR rejected:0 TCR rejected:12
[37812:ctp-raw-decoder]: tforbit==================>296b000 296b000
[37813:ctp-digit-writer]: [19:44:45][INFO] CTPDigitWriter pulled 11352 digits
[37812:ctp-raw-decoder]: tforbit==================>296b000 296b000
[37810:tf-reader]: [19:44:45][INFO] Block:1 CTP/RAWDATA with size 99712
[37810:tf-reader]: [19:44:45][INFO] Block:2 FLP/DISTSUBTIMEFRAME with size 168
[37810:tf-reader]: [19:44:45][INFO] Block:1 CTP/LUMI with size 192
[37812:ctp-raw-decoder]: [19:44:45][INFO] [CTPRawToDigitConverter - run] Writing 11359 digits. IR rejected:0 TCR rejected:15
[37810:tf-reader]: [19:44:45][INFO] Sent TF 27 of size 100072 with 66 parts, 0.0079 s elapsed from previous TF., WaitSending=true
[37812:ctp-raw-decoder]: tforbit==================>296c980 296c980
[37813:ctp-digit-writer]: [19:44:45][INFO] CTPDigitWriter pulled 11359 digits
[37812:ctp-raw-decoder]: tforbit==================>296c980 296c980
[37812:ctp-raw-decoder]: [19:44:45][INFO] [CTPRawToDigitConverter - run] Writing 11439 digits. IR rejected:0 TCR rejected:24
[37812:ctp-raw-decoder]: tforbit==================>296e300 296e300
[37813:ctp-digit-writer]: [19:44:45][INFO] CTPDigitWriter pulled 11439 digits
[37812:ctp-raw-decoder]: tforbit==================>296e300 296e300
[37812:ctp-raw-decoder]: [19:44:45][INFO] [CTPRawToDigitConverter - run] Writing 11249 digits. IR rejected:0 TCR rejected:30
[37812:ctp-raw-decoder]: tforbit==================>296fc80 296fc80
[37813:ctp-digit-writer]: [19:44:45][INFO] CTPDigitWriter pulled 11249 digits
[37812:ctp-raw-decoder]: tforbit==================>296fc80 296fc80
[37812:ctp-raw-decoder]: [19:44:45][INFO] [CTPRawToDigitConverter - run] Writing 11366 digits. IR rejected:0 TCR rejected:32
[37813:ctp-digit-writer]: [19:44:45][INFO] CTPDigitWriter pulled 11366 digits
[37810:tf-reader]: [19:44:45][INFO] Block:1 CTP/RAWDATA with size 100464
[37810:tf-reader]: [19:44:45][INFO] Block:2 FLP/DISTSUBTIMEFRAME with size 168
[37810:tf-reader]: [19:44:45][INFO] Block:1 CTP/LUMI with size 192
[37810:tf-reader]: [19:44:45][INFO] Sent TF 28 of size 100824 with 66 parts, 0.0110 s elapsed from previous TF., WaitSending=false
[37812:ctp-raw-decoder]: tforbit==================>2971600 2971600
[37810:tf-reader]: [19:44:45][INFO] Block:1 CTP/RAWDATA with size 102016
[37810:tf-reader]: [19:44:45][INFO] Block:2 FLP/DISTSUBTIMEFRAME with size 168
[37810:tf-reader]: [19:44:45][INFO] Block:1 CTP/LUMI with size 192
[37810:tf-reader]: [19:44:45][INFO] Sent TF 29 of size 102376 with 66 parts, 0.0001 s elapsed from previous TF., WaitSending=false
[37810:tf-reader]: [19:44:45][INFO] Block:1 CTP/RAWDATA with size 102720
[37810:tf-reader]: [19:44:45][INFO] Block:2 FLP/DISTSUBTIMEFRAME with size 168
[37810:tf-reader]: [19:44:45][INFO] Block:1 CTP/LUMI with size 192
[37810:tf-reader]: [19:44:45][INFO] Sent TF 30 of size 103080 with 66 parts, 0.0001 s elapsed from previous TF., WaitSending=false
[37812:ctp-raw-decoder]: tforbit==================>2971600 2971600
[37812:ctp-raw-decoder]: [19:44:45][INFO] [CTPRawToDigitConverter - run] Writing 11502 digits. IR rejected:0 TCR rejected:33
[37813:ctp-digit-writer]: [19:44:45][INFO] CTPDigitWriter pulled 11502 digits
[37812:ctp-raw-decoder]: tforbit==================>2972f80 2972f80
[37812:ctp-raw-decoder]: tforbit==================>2972f80 2972f80
[37812:ctp-raw-decoder]: [19:44:45][INFO] [CTPRawToDigitConverter - run] Writing 11346 digits. IR rejected:0 TCR rejected:40
[37813:ctp-digit-writer]: [19:44:45][INFO] CTPDigitWriter pulled 11346 digits
[37812:ctp-raw-decoder]: tforbit==================>2974900 2974900
[37812:ctp-raw-decoder]: tforbit==================>2974900 2974900
[37812:ctp-raw-decoder]: [19:44:45][INFO] [CTPRawToDigitConverter - run] Writing 11369 digits. IR rejected:0 TCR rejected:46
[37813:ctp-digit-writer]: [19:44:45][INFO] CTPDigitWriter pulled 11369 digits
[37812:ctp-raw-decoder]: tforbit==================>2976280 2976280
[37812:ctp-raw-decoder]: tforbit==================>2976280 2976280
[37812:ctp-raw-decoder]: [19:44:45][INFO] [CTPRawToDigitConverter - run] Writing 11483 digits. IR rejected:0 TCR rejected:48
[37813:ctp-digit-writer]: [19:44:45][INFO] CTPDigitWriter pulled 11483 digits
[37812:ctp-raw-decoder]: tforbit==================>2977c00 2977c00
[37810:tf-reader]: [19:44:45][INFO] Block:1 CTP/RAWDATA with size 101632
[37810:tf-reader]: [19:44:45][INFO] Block:2 FLP/DISTSUBTIMEFRAME with size 168
[37810:tf-reader]: [19:44:45][INFO] Block:1 CTP/LUMI with size 192
[37810:tf-reader]: [19:44:45][INFO] Sent TF 31 of size 101992 with 66 parts, 0.0134 s elapsed from previous TF., WaitSending=true
[37812:ctp-raw-decoder]: tforbit==================>2977c00 2977c00
[37812:ctp-raw-decoder]: [19:44:45][INFO] [CTPRawToDigitConverter - run] Writing 11367 digits. IR rejected:0 TCR rejected:51
[37813:ctp-digit-writer]: [19:44:45][INFO] CTPDigitWriter pulled 11367 digits
[37812:ctp-raw-decoder]: tforbit==================>2979580 2979580
[37812:ctp-raw-decoder]: tforbit==================>2979580 2979580
[37812:ctp-raw-decoder]: [19:44:45][INFO] [CTPRawToDigitConverter - run] Writing 11310 digits. IR rejected:0 TCR rejected:53
[37813:ctp-digit-writer]: [19:44:45][INFO] CTPDigitWriter pulled 11310 digits
[37812:ctp-raw-decoder]: tforbit==================>297af00 297af00
[37812:ctp-raw-decoder]: tforbit==================>297af00 297af00
[37812:ctp-raw-decoder]: [19:44:45][INFO] [CTPRawToDigitConverter - run] Writing 11329 digits. IR rejected:0 TCR rejected:57
[37813:ctp-digit-writer]: [19:44:45][INFO] CTPDigitWriter pulled 11329 digits
[37812:ctp-raw-decoder]: tforbit==================>297c880 297c880
[37812:ctp-raw-decoder]: tforbit==================>297c880 297c880
[37812:ctp-raw-decoder]: [19:44:45][INFO] [CTPRawToDigitConverter - run] Writing 11377 digits. IR rejected:0 TCR rejected:60
[37813:ctp-digit-writer]: [19:44:45][INFO] CTPDigitWriter pulled 11377 digits
[37810:tf-reader]: [19:44:45][INFO] Block:1 CTP/RAWDATA with size 101632
[37810:tf-reader]: [19:44:45][INFO] Block:2 FLP/DISTSUBTIMEFRAME with size 168
[37810:tf-reader]: [19:44:45][INFO] Block:1 CTP/LUMI with size 192
[37810:tf-reader]: [19:44:45][INFO] Sent TF 32 of size 101992 with 66 parts, 0.0126 s elapsed from previous TF., WaitSending=false
[37810:tf-reader]: [19:44:45][INFO] Block:1 CTP/RAWDATA with size 100448
[37810:tf-reader]: [19:44:45][INFO] Block:2 FLP/DISTSUBTIMEFRAME with size 168
[37810:tf-reader]: [19:44:45][INFO] Block:1 CTP/LUMI with size 192
[37812:ctp-raw-decoder]: tforbit==================>297e200 297e200
[37810:tf-reader]: [19:44:45][INFO] Sent TF 33 of size 100808 with 66 parts, 0.0001 s elapsed from previous TF., WaitSending=false
[37810:tf-reader]: [19:44:45][INFO] Block:1 CTP/RAWDATA with size 101488
[37810:tf-reader]: [19:44:45][INFO] Block:2 FLP/DISTSUBTIMEFRAME with size 168
[37810:tf-reader]: [19:44:45][INFO] Block:1 CTP/LUMI with size 192
[37810:tf-reader]: [19:44:45][INFO] Sent TF 34 of size 101848 with 66 parts, 0.0001 s elapsed from previous TF., WaitSending=false
[37812:ctp-raw-decoder]: tforbit==================>297e200 297e200
[37812:ctp-raw-decoder]: [19:44:45][INFO] [CTPRawToDigitConverter - run] Writing 11343 digits. IR rejected:0 TCR rejected:65
[37813:ctp-digit-writer]: [19:44:45][INFO] CTPDigitWriter pulled 11343 digits
[37812:ctp-raw-decoder]: tforbit==================>297fb80 297fb80
[37812:ctp-raw-decoder]: tforbit==================>297fb80 297fb80
[37812:ctp-raw-decoder]: [19:44:45][INFO] [CTPRawToDigitConverter - run] Writing 10830 digits. IR rejected:0 TCR rejected:66
[37813:ctp-digit-writer]: [19:44:45][INFO] CTPDigitWriter pulled 10830 digits
[37812:ctp-raw-decoder]: tforbit==================>2981500 2981500
[37812:ctp-raw-decoder]: tforbit==================>2981500 2981500
[37812:ctp-raw-decoder]: [19:44:45][INFO] [CTPRawToDigitConverter - run] Writing 10602 digits. IR rejected:0 TCR rejected:71
[37812:ctp-raw-decoder]: tforbit==================>2982e80 2982e80
[37813:ctp-digit-writer]: [19:44:45][INFO] CTPDigitWriter pulled 10602 digits
[37812:ctp-raw-decoder]: tforbit==================>2982e80 2982e80
[37812:ctp-raw-decoder]: [19:44:45][INFO] [CTPRawToDigitConverter - run] Writing 10118 digits. IR rejected:0 TCR rejected:75
[37812:ctp-raw-decoder]: tforbit==================>2984800 2984800
[37813:ctp-digit-writer]: [19:44:45][INFO] CTPDigitWriter pulled 10118 digits
[37810:tf-reader]: [19:44:45][INFO] Block:1 CTP/RAWDATA with size 101520
[37810:tf-reader]: [19:44:45][INFO] Block:2 FLP/DISTSUBTIMEFRAME with size 168
[37810:tf-reader]: [19:44:45][INFO] Block:1 CTP/LUMI with size 192
[37810:tf-reader]: [19:44:45][INFO] Sent TF 35 of size 101880 with 66 parts, 0.0126 s elapsed from previous TF., WaitSending=true
[37812:ctp-raw-decoder]: tforbit==================>2984800 2984800
[37812:ctp-raw-decoder]: [19:44:45][INFO] [CTPRawToDigitConverter - run] Writing 9842 digits. IR rejected:0 TCR rejected:78
[37812:ctp-raw-decoder]: tforbit==================>2986180 2986180
[37813:ctp-digit-writer]: [19:44:45][INFO] CTPDigitWriter pulled 9842 digits
[37812:ctp-raw-decoder]: tforbit==================>2986180 2986180
[37812:ctp-raw-decoder]: [19:44:45][INFO] [CTPRawToDigitConverter - run] Writing 10064 digits. IR rejected:0 TCR rejected:80
[37812:ctp-raw-decoder]: tforbit==================>2987b00 2987b00
[37813:ctp-digit-writer]: [19:44:45][INFO] CTPDigitWriter pulled 10064 digits
[37812:ctp-raw-decoder]: tforbit==================>2987b00 2987b00
[37812:ctp-raw-decoder]: [19:44:45][INFO] [CTPRawToDigitConverter - run] Writing 9874 digits. IR rejected:0 TCR rejected:85
[37812:ctp-raw-decoder]: tforbit==================>2989480 2989480
[37813:ctp-digit-writer]: [19:44:45][INFO] CTPDigitWriter pulled 9874 digits
[37812:ctp-raw-decoder]: tforbit==================>2989480 2989480
[37812:ctp-raw-decoder]: [19:44:45][INFO] [CTPRawToDigitConverter - run] Writing 9819 digits. IR rejected:0 TCR rejected:87
[37812:ctp-raw-decoder]: tforbit==================>298ae00 298ae00
[37813:ctp-digit-writer]: [19:44:45][INFO] CTPDigitWriter pulled 9819 digits
[37812:ctp-raw-decoder]: tforbit==================>298ae00 298ae00
[37812:ctp-raw-decoder]: [19:44:45][INFO] [CTPRawToDigitConverter - run] Writing 10079 digits. IR rejected:0 TCR rejected:90
[37812:ctp-raw-decoder]: tforbit==================>298c780 298c780
[37810:tf-reader]: [19:44:45][INFO] Block:1 CTP/RAWDATA with size 101024
[37810:tf-reader]: [19:44:45][INFO] Block:2 FLP/DISTSUBTIMEFRAME with size 168
[37810:tf-reader]: [19:44:45][INFO] Block:1 CTP/LUMI with size 192
[37810:tf-reader]: [19:44:45][INFO] Sent TF 36 of size 101384 with 66 parts, 0.0125 s elapsed from previous TF., WaitSending=false
[37810:tf-reader]: [19:44:45][INFO] Block:1 CTP/RAWDATA with size 100496
[37810:tf-reader]: [19:44:45][INFO] Block:2 FLP/DISTSUBTIMEFRAME with size 168
[37810:tf-reader]: [19:44:45][INFO] Block:1 CTP/LUMI with size 192
[37810:tf-reader]: [19:44:45][INFO] Sent TF 37 of size 100856 with 66 parts, 0.0001 s elapsed from previous TF., WaitSending=false
[37810:tf-reader]: [19:44:45][INFO] Block:1 CTP/RAWDATA with size 100976
[37810:tf-reader]: [19:44:45][INFO] Block:2 FLP/DISTSUBTIMEFRAME with size 168
[37810:tf-reader]: [19:44:45][INFO] Block:1 CTP/LUMI with size 192
[37810:tf-reader]: [19:44:45][INFO] Sent TF 38 of size 101336 with 66 parts, 0.0001 s elapsed from previous TF., WaitSending=false
[37813:ctp-digit-writer]: [19:44:45][INFO] CTPDigitWriter pulled 10079 digits
[37812:ctp-raw-decoder]: tforbit==================>298c780 298c780
[37812:ctp-raw-decoder]: [19:44:45][INFO] [CTPRawToDigitConverter - run] Writing 9908 digits. IR rejected:0 TCR rejected:93
[37812:ctp-raw-decoder]: tforbit==================>298e100 298e100
[37813:ctp-digit-writer]: [19:44:45][INFO] CTPDigitWriter pulled 9908 digits
[37812:ctp-raw-decoder]: tforbit==================>298e100 298e100
[37812:ctp-raw-decoder]: [19:44:45][INFO] [CTPRawToDigitConverter - run] Writing 9966 digits. IR rejected:0 TCR rejected:97
[37812:ctp-raw-decoder]: tforbit==================>298fa80 298fa80
[37813:ctp-digit-writer]: [19:44:45][INFO] CTPDigitWriter pulled 9966 digits
[37812:ctp-raw-decoder]: tforbit==================>298fa80 298fa80
[37812:ctp-raw-decoder]: [19:44:45][INFO] [CTPRawToDigitConverter - run] Writing 9777 digits. IR rejected:0 TCR rejected:101
[37812:ctp-raw-decoder]: tforbit==================>2991400 2991400
[37813:ctp-digit-writer]: [19:44:45][INFO] CTPDigitWriter pulled 9777 digits
[37812:ctp-raw-decoder]: tforbit==================>2991400 2991400
[37812:ctp-raw-decoder]: [19:44:45][INFO] [CTPRawToDigitConverter - run] Writing 9833 digits. IR rejected:0 TCR rejected:103
[37812:ctp-raw-decoder]: tforbit==================>2992d80 2992d80
[37813:ctp-digit-writer]: [19:44:45][INFO] CTPDigitWriter pulled 9833 digits
[37812:ctp-raw-decoder]: tforbit==================>2992d80 2992d80
[37812:ctp-raw-decoder]: [19:44:45][INFO] [CTPRawToDigitConverter - run] Writing 10057 digits. IR rejected:0 TCR rejected:109
[37812:ctp-raw-decoder]: tforbit==================>2994700 2994700
[37813:ctp-digit-writer]: [19:44:45][INFO] CTPDigitWriter pulled 10057 digits
[37810:tf-reader]: [19:44:45][INFO] Block:1 CTP/RAWDATA with size 100240
[37810:tf-reader]: [19:44:45][INFO] Block:2 FLP/DISTSUBTIMEFRAME with size 168
[37810:tf-reader]: [19:44:45][INFO] Block:1 CTP/LUMI with size 192
[37810:tf-reader]: [19:44:45][INFO] Sent TF 39 of size 100600 with 66 parts, 0.0138 s elapsed from previous TF., WaitSending=true
[37812:ctp-raw-decoder]: tforbit==================>2994700 2994700
[37812:ctp-raw-decoder]: [19:44:45][INFO] [CTPRawToDigitConverter - run] Writing 10065 digits. IR rejected:0 TCR rejected:113
[37812:ctp-raw-decoder]: tforbit==================>2996080 2996080
[37813:ctp-digit-writer]: [19:44:45][INFO] CTPDigitWriter pulled 10065 digits
[37812:ctp-raw-decoder]: tforbit==================>2996080 2996080
[37812:ctp-raw-decoder]: [19:44:45][INFO] [CTPRawToDigitConverter - run] Writing 9966 digits. IR rejected:0 TCR rejected:117
[37813:ctp-digit-writer]: [19:44:45][INFO] CTPDigitWriter pulled 9966 digits
[37812:ctp-raw-decoder]: tforbit==================>2997a00 2997a00
[37812:ctp-raw-decoder]: tforbit==================>2997a00 2997a00
[37812:ctp-raw-decoder]: [19:44:45][INFO] [CTPRawToDigitConverter - run] Writing 9953 digits. IR rejected:0 TCR rejected:120
[37813:ctp-digit-writer]: [19:44:45][INFO] CTPDigitWriter pulled 9953 digits
[37812:ctp-raw-decoder]: tforbit==================>2999380 2999380
[37812:ctp-raw-decoder]: tforbit==================>2999380 2999380
[37812:ctp-raw-decoder]: [19:44:45][INFO] [CTPRawToDigitConverter - run] Writing 9881 digits. IR rejected:0 TCR rejected:123
[37813:ctp-digit-writer]: [19:44:45][INFO] CTPDigitWriter pulled 9881 digits
[37810:tf-reader]: [19:44:45][INFO] Block:1 CTP/RAWDATA with size 100352
[37810:tf-reader]: [19:44:45][INFO] Block:2 FLP/DISTSUBTIMEFRAME with size 168
[37810:tf-reader]: [19:44:45][INFO] Block:1 CTP/LUMI with size 192
[37810:tf-reader]: [19:44:45][INFO] Sent TF 40 of size 100712 with 66 parts, 0.0102 s elapsed from previous TF., WaitSending=true
[37810:tf-reader]: [19:44:45][INFO] Block:1 CTP/RAWDATA with size 100448
[37810:tf-reader]: [19:44:45][INFO] Block:2 FLP/DISTSUBTIMEFRAME with size 168
[37810:tf-reader]: [19:44:45][INFO] Block:1 CTP/LUMI with size 192
[37810:tf-reader]: [19:44:45][INFO] Sent TF 41 of size 100808 with 66 parts, 0.0001 s elapsed from previous TF., WaitSending=true
[37812:ctp-raw-decoder]: tforbit==================>299ad00 299ad00
[37812:ctp-raw-decoder]: tforbit==================>299ad00 299ad00
[37812:ctp-raw-decoder]: [19:44:45][INFO] [CTPRawToDigitConverter - run] Writing 9960 digits. IR rejected:0 TCR rejected:125
[37813:ctp-digit-writer]: [19:44:45][INFO] CTPDigitWriter pulled 9960 digits
[37812:ctp-raw-decoder]: tforbit==================>299c680 299c680
[37812:ctp-raw-decoder]: tforbit==================>299c680 299c680
[37812:ctp-raw-decoder]: [19:44:45][INFO] [CTPRawToDigitConverter - run] Writing 9973 digits. IR rejected:0 TCR rejected:129
[37813:ctp-digit-writer]: [19:44:45][INFO] CTPDigitWriter pulled 9973 digits
[37812:ctp-raw-decoder]: tforbit==================>299e000 299e000
[37812:ctp-raw-decoder]: tforbit==================>299e000 299e000
[37812:ctp-raw-decoder]: [19:44:45][INFO] [CTPRawToDigitConverter - run] Writing 9884 digits. IR rejected:0 TCR rejected:133
[37813:ctp-digit-writer]: [19:44:45][INFO] CTPDigitWriter pulled 9884 digits
[37812:ctp-raw-decoder]: tforbit==================>299f980 299f980
[37812:ctp-raw-decoder]: tforbit==================>299f980 299f980
[37812:ctp-raw-decoder]: [19:44:45][INFO] [CTPRawToDigitConverter - run] Writing 9852 digits. IR rejected:0 TCR rejected:135
[37813:ctp-digit-writer]: [19:44:45][INFO] CTPDigitWriter pulled 9852 digits
[37812:ctp-raw-decoder]: tforbit==================>29a1300 29a1300
[37812:ctp-raw-decoder]: tforbit==================>29a1300 29a1300
[37810:tf-reader]: [19:44:45][INFO] Block:1 CTP/RAWDATA with size 102896
[37810:tf-reader]: [19:44:45][INFO] Block:2 FLP/DISTSUBTIMEFRAME with size 168
[37810:tf-reader]: [19:44:45][INFO] Block:1 CTP/LUMI with size 192
[37810:tf-reader]: [19:44:45][INFO] Sent TF 42 of size 103256 with 66 parts, 0.0126 s elapsed from previous TF., WaitSending=false
[37810:tf-reader]: [19:44:45][INFO] Block:1 CTP/RAWDATA with size 101440
[37810:tf-reader]: [19:44:45][INFO] Block:2 FLP/DISTSUBTIMEFRAME with size 168
[37810:tf-reader]: [19:44:45][INFO] Block:1 CTP/LUMI with size 192
[37810:tf-reader]: [19:44:45][INFO] Sent TF 43 of size 101800 with 66 parts, 0.0001 s elapsed from previous TF., WaitSending=false
[37810:tf-reader]: [19:44:45][INFO] Block:1 CTP/RAWDATA with size 100752
[37810:tf-reader]: [19:44:45][INFO] Block:2 FLP/DISTSUBTIMEFRAME with size 168
[37810:tf-reader]: [19:44:45][INFO] Block:1 CTP/LUMI with size 192
[37810:tf-reader]: [19:44:45][INFO] Sent TF 44 of size 101112 with 66 parts, 0.0001 s elapsed from previous TF., WaitSending=false
[37812:ctp-raw-decoder]: [19:44:45][INFO] [CTPRawToDigitConverter - run] Writing 9946 digits. IR rejected:0 TCR rejected:137
[37813:ctp-digit-writer]: [19:44:45][INFO] CTPDigitWriter pulled 9946 digits
[37812:ctp-raw-decoder]: tforbit==================>29a2c80 29a2c80
[37812:ctp-raw-decoder]: tforbit==================>29a2c80 29a2c80
[37812:ctp-raw-decoder]: [19:44:45][INFO] [CTPRawToDigitConverter - run] Writing 9807 digits. IR rejected:0 TCR rejected:141
[37813:ctp-digit-writer]: [19:44:45][INFO] CTPDigitWriter pulled 9807 digits
[37812:ctp-raw-decoder]: tforbit==================>29a4600 29a4600
[37812:ctp-raw-decoder]: tforbit==================>29a4600 29a4600
[37812:ctp-raw-decoder]: [19:44:45][INFO] [CTPRawToDigitConverter - run] Writing 9852 digits. IR rejected:0 TCR rejected:141
[37813:ctp-digit-writer]: [19:44:45][INFO] CTPDigitWriter pulled 9852 digits
[37812:ctp-raw-decoder]: tforbit==================>29a5f80 29a5f80
[37812:ctp-raw-decoder]: tforbit==================>29a5f80 29a5f80
[37812:ctp-raw-decoder]: [19:44:45][INFO] [CTPRawToDigitConverter - run] Writing 9827 digits. IR rejected:0 TCR rejected:147
[37812:ctp-raw-decoder]: tforbit==================>29a7900 29a7900
[37813:ctp-digit-writer]: [19:44:45][INFO] CTPDigitWriter pulled 9827 digits
[37810:tf-reader]: [19:44:45][INFO] Block:1 CTP/RAWDATA with size 103184
[37810:tf-reader]: [19:44:45][INFO] Block:2 FLP/DISTSUBTIMEFRAME with size 168
[37810:tf-reader]: [19:44:45][INFO] Block:1 CTP/LUMI with size 192
[37810:tf-reader]: [19:44:45][INFO] Sent TF 45 of size 103544 with 66 parts, 0.0086 s elapsed from previous TF., WaitSending=true
[37812:ctp-raw-decoder]: tforbit==================>29a7900 29a7900
[37812:ctp-raw-decoder]: [19:44:45][INFO] [CTPRawToDigitConverter - run] Writing 10095 digits. IR rejected:0 TCR rejected:150
[37813:ctp-digit-writer]: [19:44:45][INFO] CTPDigitWriter pulled 10095 digits
[37812:ctp-raw-decoder]: tforbit==================>29a9280 29a9280
[37812:ctp-raw-decoder]: tforbit==================>29a9280 29a9280
[37812:ctp-raw-decoder]: [19:44:45][INFO] [CTPRawToDigitConverter - run] Writing 9896 digits. IR rejected:0 TCR rejected:155
[37812:ctp-raw-decoder]: tforbit==================>29aac00 29aac00
[37813:ctp-digit-writer]: [19:44:45][INFO] CTPDigitWriter pulled 9896 digits
[37812:ctp-raw-decoder]: tforbit==================>29aac00 29aac00
[37812:ctp-raw-decoder]: [19:44:45][INFO] [CTPRawToDigitConverter - run] Writing 9950 digits. IR rejected:0 TCR rejected:156
[37813:ctp-digit-writer]: [19:44:45][INFO] CTPDigitWriter pulled 9950 digits
[37810:tf-reader]: [19:44:45][INFO] Block:1 CTP/RAWDATA with size 100336
[37810:tf-reader]: [19:44:45][INFO] Block:2 FLP/DISTSUBTIMEFRAME with size 168
[37810:tf-reader]: [19:44:45][INFO] Block:1 CTP/LUMI with size 192
[37810:tf-reader]: [19:44:45][INFO] Sent TF 46 of size 100696 with 66 parts, 0.0127 s elapsed from previous TF., WaitSending=false
[37810:tf-reader]: [19:44:45][INFO] Block:1 CTP/RAWDATA with size 103024
[37810:tf-reader]: [19:44:45][INFO] Block:2 FLP/DISTSUBTIMEFRAME with size 168
[37810:tf-reader]: [19:44:45][INFO] Block:1 CTP/LUMI with size 192
[37810:tf-reader]: [19:44:45][INFO] Sent TF 47 of size 103384 with 66 parts, 0.0001 s elapsed from previous TF., WaitSending=false
[37810:tf-reader]: [19:44:45][INFO] Block:1 CTP/RAWDATA with size 101184
[37810:tf-reader]: [19:44:45][INFO] Block:2 FLP/DISTSUBTIMEFRAME with size 168
[37810:tf-reader]: [19:44:45][INFO] Block:1 CTP/LUMI with size 192
[37810:tf-reader]: [19:44:45][INFO] Sent TF 48 of size 101544 with 66 parts, 0.0001 s elapsed from previous TF., WaitSending=false
[37812:ctp-raw-decoder]: tforbit==================>29ac580 29ac580
[37812:ctp-raw-decoder]: tforbit==================>29ac580 29ac580
[37812:ctp-raw-decoder]: [19:44:45][INFO] [CTPRawToDigitConverter - run] Writing 10096 digits. IR rejected:0 TCR rejected:161
[37813:ctp-digit-writer]: [19:44:45][INFO] CTPDigitWriter pulled 10096 digits
[37812:ctp-raw-decoder]: tforbit==================>29adf00 29adf00
[37812:ctp-raw-decoder]: tforbit==================>29adf00 29adf00
[37812:ctp-raw-decoder]: [19:44:45][INFO] [CTPRawToDigitConverter - run] Writing 9870 digits. IR rejected:0 TCR rejected:162
[37812:ctp-raw-decoder]: tforbit==================>29af880 29af880
[37813:ctp-digit-writer]: [19:44:45][INFO] CTPDigitWriter pulled 9870 digits
[37812:ctp-raw-decoder]: tforbit==================>29af880 29af880
[37812:ctp-raw-decoder]: [19:44:45][INFO] [CTPRawToDigitConverter - run] Writing 10108 digits. IR rejected:0 TCR rejected:166
[37813:ctp-digit-writer]: [19:44:45][INFO] CTPDigitWriter pulled 10108 digits
[37812:ctp-raw-decoder]: tforbit==================>29b1200 29b1200
[37812:ctp-raw-decoder]: tforbit==================>29b1200 29b1200
[37812:ctp-raw-decoder]: [19:44:45][INFO] [CTPRawToDigitConverter - run] Writing 9927 digits. IR rejected:0 TCR rejected:174
[37813:ctp-digit-writer]: [19:44:45][INFO] CTPDigitWriter pulled 9927 digits
[37810:tf-reader]: [19:44:45][INFO] Block:1 CTP/RAWDATA with size 102016
[37810:tf-reader]: [19:44:45][INFO] Block:2 FLP/DISTSUBTIMEFRAME with size 168
[37810:tf-reader]: [19:44:45][INFO] Block:1 CTP/LUMI with size 192
[37810:tf-reader]: [19:44:45][INFO] Sent TF 49 of size 102376 with 66 parts, 0.0132 s elapsed from previous TF., WaitSending=true
[37810:tf-reader]: [19:44:45][INFO] TFReader stops processing
[37810:tf-reader]: [19:44:45][INFO] Block:1 CTP/RAWDATA with size 102192
[37810:tf-reader]: [19:44:45][INFO] Block:2 FLP/DISTSUBTIMEFRAME with size 168
[37810:tf-reader]: [19:44:45][INFO] Block:1 CTP/LUMI with size 192
[37810:tf-reader]: [19:44:45][INFO] Sent TF 50 of size 102552 with 66 parts, 0.0126 s elapsed from previous TF., WaitSending=false
[37810:tf-reader]: [19:44:45][INFO] Block:1 CTP/RAWDATA with size 101632
[37810:tf-reader]: [19:44:45][INFO] Block:2 FLP/DISTSUBTIMEFRAME with size 168
[37810:tf-reader]: [19:44:45][INFO] Block:1 CTP/LUMI with size 192
[37810:tf-reader]: [19:44:45][INFO] Sent TF 51 of size 101992 with 66 parts, 0.0001 s elapsed from previous TF., WaitSending=false
[37810:tf-reader]: [19:44:45][INFO] 52 TFs in 1  loops were sent, spent 0 s in 0 data waiting states
[37812:ctp-raw-decoder]: tforbit==================>29b2b80 29b2b80
[37810:tf-reader]: [19:44:45][INFO] Sending end-of-stream message to channel from_tf-reader_to_internal-dpl-ccdb-backend
[37810:tf-reader]: [19:44:45][INFO] Sending end-of-stream message to channel from_tf-reader_to_ctp-raw-decoder
[37810:tf-reader]: [19:44:45][INFO] Sending end-of-stream message to channel from_tf-reader_to_internal-dpl-injected-dummy-sink
[37811:internal-dpl-ccdb-backend]: [19:44:45][INFO] Sending end-of-stream message to channel from_internal-dpl-ccdb-backend_to_ctp-raw-decoder
[37811:internal-dpl-ccdb-backend]: [19:44:45][INFO] Sending end-of-stream message to channel from_internal-dpl-ccdb-backend_to_internal-dpl-injected-dummy-sink
[37812:ctp-raw-decoder]: tforbit==================>29b2b80 29b2b80
[37812:ctp-raw-decoder]: [19:44:45][INFO] [CTPRawToDigitConverter - run] Writing 10017 digits. IR rejected:0 TCR rejected:179
[37813:ctp-digit-writer]: [19:44:45][INFO] CTPDigitWriter pulled 10017 digits
[37812:ctp-raw-decoder]: tforbit==================>29b4500 29b4500
[37812:ctp-raw-decoder]: tforbit==================>29b4500 29b4500
[37812:ctp-raw-decoder]: [19:44:45][INFO] [CTPRawToDigitConverter - run] Writing 10061 digits. IR rejected:0 TCR rejected:181
[37813:ctp-digit-writer]: [19:44:45][INFO] CTPDigitWriter pulled 10061 digits
[37812:ctp-raw-decoder]: tforbit==================>29b5e80 29b5e80
[37812:ctp-raw-decoder]: tforbit==================>29b5e80 29b5e80
[37812:ctp-raw-decoder]: [19:44:45][INFO] [CTPRawToDigitConverter - run] Writing 9966 digits. IR rejected:0 TCR rejected:184
[37813:ctp-digit-writer]: [19:44:45][INFO] CTPDigitWriter pulled 9966 digits
[37812:ctp-raw-decoder]: Missing orbits: 2964a00-2966380 2966380-2967d00 2967d00-2969680 2969680-296b000 296b000-296c980 296c980-296e300 296e300-296fc80 296fc80-2971600 2971600-2972f80 2972f80-2974900 2974900-2976280 2976280-2977c00 2977c00-2979580 2979580-297af00 297af00-297c880 297c880-297e200 297e200-297fb80 297fb80-2981500 2981500-2982e80 2982e80-2984800
[37812:ctp-raw-decoder]: [19:44:45][INFO] Number of non continous TF:10404
[37812:ctp-raw-decoder]: 
[37812:ctp-raw-decoder]: [19:44:45][INFO] Lost in shiftInputs:0
[37812:ctp-raw-decoder]: [19:44:45][INFO] Lost in addDigit Inputs:0 Classes:4947
[37812:ctp-raw-decoder]: [19:44:45][INFO] Sending end-of-stream message to channel from_ctp-raw-decoder_to_ctp-digit-writer
[INFO] Quitting
[INFO] Quit requested at Wed May 27 19:44:45 2026

[37813:ctp-digit-writer]: [19:44:45][INFO] Received device shutdown request (signal 15).
[37813:ctp-digit-writer]: [19:44:45][INFO] Waiting for graceful device shutdown. Hit Ctrl-C again to abort immediately.
[37813:ctp-digit-writer]: [19:44:45][INFO] New state requested. No timeout set, quitting immediately as per --completion-policy
[37812:ctp-raw-decoder]: [19:44:45][INFO] Received device shutdown request (signal 15).
[37812:ctp-raw-decoder]: [19:44:45][INFO] Waiting for graceful device shutdown. Hit Ctrl-C again to abort immediately.
[37812:ctp-raw-decoder]: [19:44:45][INFO] New state requested. No timeout set, quitting immediately as per --completion-policy
[37812:ctp-raw-decoder]: [19:44:45][STATE] RUNNING ---> READY
[37812:ctp-raw-decoder]: [19:44:45][STATE] READY ---> RESETTING TASK
[37812:ctp-raw-decoder]: [19:44:45][STATE] RESETTING TASK ---> DEVICE READY
[37812:ctp-raw-decoder]: [19:44:45][STATE] DEVICE READY ---> RESETTING DEVICE
[37812:ctp-raw-decoder]: [19:44:45][STATE] RESETTING DEVICE ---> IDLE
[37812:ctp-raw-decoder]: [19:44:45][STATE] IDLE ---> EXITING
[37812:ctp-raw-decoder]: [19:44:45][STATE] Exiting FairMQ state machine
[37811:internal-dpl-ccdb-backend]: [19:44:45][INFO] Received device shutdown request (signal 15).
[37811:internal-dpl-ccdb-backend]: [19:44:45][INFO] Waiting for graceful device shutdown. Hit Ctrl-C again to abort immediately.
[37811:internal-dpl-ccdb-backend]: [19:44:45][INFO] New state requested. No timeout set, quitting immediately as per --completion-policy
[37811:internal-dpl-ccdb-backend]: [19:44:45][INFO] CCDB cache miss/hit ratio (7168 fetched / 373760 requested bytes):
[37811:internal-dpl-ccdb-backend]: [19:44:45][INFO]   CTP/Config/TriggerOffsets: 1/51 (2048-2048 bytes)
[37811:internal-dpl-ccdb-backend]: [19:44:45][INFO]   CTP/Config/Config: 1/51 (4096-4096 bytes)
[37811:internal-dpl-ccdb-backend]: [19:44:45][INFO]   CTP/Calib/OrbitReset: 1/52 (1024-1024 bytes)
[37811:internal-dpl-ccdb-backend]: [19:44:45][STATE] RUNNING ---> READY
[37811:internal-dpl-ccdb-backend]: [19:44:45][STATE] READY ---> RESETTING TASK
[37811:internal-dpl-ccdb-backend]: [19:44:45][STATE] RESETTING TASK ---> DEVICE READY
[37811:internal-dpl-ccdb-backend]: [19:44:45][STATE] DEVICE READY ---> RESETTING DEVICE
[37811:internal-dpl-ccdb-backend]: [19:44:45][STATE] RESETTING DEVICE ---> IDLE
[37811:internal-dpl-ccdb-backend]: [19:44:45][STATE] IDLE ---> EXITING
[37811:internal-dpl-ccdb-backend]: [19:44:45][STATE] Exiting FairMQ state machine
[37813:ctp-digit-writer]: [19:44:45][STATE] RUNNING ---> READY
[37813:ctp-digit-writer]: [19:44:45][STATE] READY ---> RESETTING TASK
[37813:ctp-digit-writer]: [19:44:45][STATE] RESETTING TASK ---> DEVICE READY
[37813:ctp-digit-writer]: [19:44:45][STATE] DEVICE READY ---> RESETTING DEVICE
[37813:ctp-digit-writer]: [19:44:45][STATE] RESETTING DEVICE ---> IDLE
[37813:ctp-digit-writer]: [19:44:45][STATE] IDLE ---> EXITING
[37813:ctp-digit-writer]: [19:44:45][STATE] Exiting FairMQ state machine
[37810:tf-reader]: [19:44:45][INFO] Received device shutdown request (signal 15).
[37810:tf-reader]: [19:44:45][INFO] Waiting for graceful device shutdown. Hit Ctrl-C again to abort immediately.
[37810:tf-reader]: [19:44:45][INFO] New state requested. No timeout set, quitting immediately as per --completion-policy
[37810:tf-reader]: [19:44:45][STATE] RUNNING ---> READY
[37810:tf-reader]: [19:44:45][STATE] READY ---> RESETTING TASK
[37810:tf-reader]: [19:44:45][STATE] RESETTING TASK ---> DEVICE READY
[37810:tf-reader]: [19:44:45][STATE] DEVICE READY ---> RESETTING DEVICE
[37810:tf-reader]: [19:44:45][STATE] RESETTING DEVICE ---> IDLE
[37810:tf-reader]: [19:44:45][STATE] IDLE ---> EXITING
[37810:tf-reader]: [19:44:45][STATE] Exiting FairMQ state machine
[37809:internal-dpl-clock]: [19:44:45][INFO] Received device shutdown request (signal 15).
[37809:internal-dpl-clock]: [19:44:45][INFO] Waiting for graceful device shutdown. Hit Ctrl-C again to abort immediately.
[37809:internal-dpl-clock]: [19:44:45][INFO] New state requested. No timeout set, quitting immediately as per --completion-policy
[37814:internal-dpl-injected-dummy-sink]: [19:44:45][INFO] Received device shutdown request (signal 15).
[37814:internal-dpl-injected-dummy-sink]: [19:44:45][INFO] Waiting for graceful device shutdown. Hit Ctrl-C again to abort immediately.
[37814:internal-dpl-injected-dummy-sink]: [19:44:45][INFO] New state requested. No timeout set, quitting immediately as per --completion-policy
[37814:internal-dpl-injected-dummy-sink]: [19:44:45][STATE] RUNNING ---> READY
[37814:internal-dpl-injected-dummy-sink]: [19:44:45][STATE] READY ---> RESETTING TASK
[37814:internal-dpl-injected-dummy-sink]: [19:44:45][STATE] RESETTING TASK ---> DEVICE READY
[37814:internal-dpl-injected-dummy-sink]: [19:44:45][STATE] DEVICE READY ---> RESETTING DEVICE
[37814:internal-dpl-injected-dummy-sink]: [19:44:45][STATE] RESETTING DEVICE ---> IDLE
[37814:internal-dpl-injected-dummy-sink]: [19:44:45][STATE] IDLE ---> EXITING
[37814:internal-dpl-injected-dummy-sink]: [19:44:45][STATE] Exiting FairMQ state machine
[37809:internal-dpl-clock]: [19:44:45][INFO] Sending end-of-stream message to channel from_internal-dpl-clock_to_tf-reader
[37809:internal-dpl-clock]: [19:44:45][STATE] RUNNING ---> READY
[37809:internal-dpl-clock]: [19:44:45][STATE] READY ---> RESETTING TASK
[37809:internal-dpl-clock]: [19:44:45][STATE] RESETTING TASK ---> DEVICE READY
[37809:internal-dpl-clock]: [19:44:45][STATE] DEVICE READY ---> RESETTING DEVICE
[37809:internal-dpl-clock]: [19:44:45][INFO] Cleaning up for shared memory id 'abbac0ac'...
[37809:internal-dpl-clock]: [19:44:45][INFO] Found 0 unmanaged regions...
[37809:internal-dpl-clock]: [19:44:45][INFO] Found 1 managed segments...
[37809:internal-dpl-clock]: [19:44:45][INFO] Successfully removed 'fmq_abbac0ac_m_0'.
[37809:internal-dpl-clock]: [19:44:45][INFO] Successfully removed 'fmq_abbac0ac_mng'.
[37809:internal-dpl-clock]: [19:44:45][STATE] RESETTING DEVICE ---> IDLE
[37809:internal-dpl-clock]: [19:44:45][STATE] IDLE ---> EXITING
[37809:internal-dpl-clock]: [19:44:45][STATE] Exiting FairMQ state machine
[INFO] ## Processes completed. Run summary:
[INFO] ### Devices started: 6
[INFO]  - Device internal-dpl-clock: pid 37809 (exit 0)
[INFO]  - Device tf-reader: pid 37810 (exit 0)
[INFO]  - Device internal-dpl-ccdb-backend: pid 37811 (exit 0)
[INFO]  - Device ctp-raw-decoder: pid 37812 (exit 0)
[INFO]  - Device ctp-digit-writer: pid 37813 (exit 0)
[INFO]  - Device internal-dpl-injected-dummy-sink: pid 37814 (exit 0)
[INFO] Dumping used configuration in dpl-config.json
