[INFO] Initialising O2 Data Processing Layer. Driver PID: 95306.
[INFO] Driver listening on port: 13386
[INFO] Rate limiting set up at 2000 MB and 64 timeframes distributed over 1 readers
[INFO] O2 Data Processing Layer initialised. We brake for nobody.
[INFO] Optimised build. O2DEBUG / LOG(debug) / LOGF(debug) / assert statement will not be shown.
[INFO] Redeployment of configuration asked.
[INFO] Starting internal-dpl-clock on pid 95315
[INFO] Starting tf-reader on pid 95316
[INFO] Starting internal-dpl-ccdb-backend on pid 95317
[INFO] Starting ctp-raw-decoder on pid 95318
[INFO] Starting ctp-digit-writer on pid 95319
[INFO] Starting internal-dpl-injected-dummy-sink on pid 95320
[INFO] Redeployment of configuration done.
[95320:internal-dpl-injected-dummy-sink]: [INFO] Instrumenting crash signals
[95315:internal-dpl-clock]: [INFO] Instrumenting crash signals
[95316:tf-reader]: [INFO] Instrumenting crash signals
[95320:internal-dpl-injected-dummy-sink]: [INFO] Spawning new device internal-dpl-injected-dummy-sink in process with pid 95320
[95320:internal-dpl-injected-dummy-sink]: [16:03:47][INFO] 
[95320:internal-dpl-injected-dummy-sink]:       ______      _    _______  _________ 
[95320:internal-dpl-injected-dummy-sink]:      / ____/___ _(_)_______   |/  /_  __ \    version 1.10.1
[95320:internal-dpl-injected-dummy-sink]:     / /_  / __ `/ / ___/__  /|_/ /_  / / /    build RELWITHDEBINFO
[95320:internal-dpl-injected-dummy-sink]:    / __/ / /_/ / / /    _  /  / / / /_/ /     https://github.com/FairRootGroup/FairMQ
[95320:internal-dpl-injected-dummy-sink]:   /_/    \__,_/_/_/     /_/  /_/  \___\_\     LGPL-3.0  © 2012-2025 GSI
[95320:internal-dpl-injected-dummy-sink]: 
[95315:internal-dpl-clock]: [INFO] Spawning new device internal-dpl-clock in process with pid 95315
[95316:tf-reader]: [INFO] Spawning new device tf-reader in process with pid 95316
[95320:internal-dpl-injected-dummy-sink]: [16:03:47][STATE] Starting FairMQ state machine --> IDLE
[95315:internal-dpl-clock]: [16:03:47][INFO] 
[95315:internal-dpl-clock]:       ______      _    _______  _________ 
[95315:internal-dpl-clock]:      / ____/___ _(_)_______   |/  /_  __ \    version 1.10.1
[95315:internal-dpl-clock]:     / /_  / __ `/ / ___/__  /|_/ /_  / / /    build RELWITHDEBINFO
[95315:internal-dpl-clock]:    / __/ / /_/ / / /    _  /  / / / /_/ /     https://github.com/FairRootGroup/FairMQ
[95315:internal-dpl-clock]:   /_/    \__,_/_/_/     /_/  /_/  \___\_\     LGPL-3.0  © 2012-2025 GSI
[95315:internal-dpl-clock]: 
[95315:internal-dpl-clock]: [16:03:47][STATE] Starting FairMQ state machine --> IDLE
[95316:tf-reader]: [16:03:47][INFO] 
[95316:tf-reader]:       ______      _    _______  _________ 
[95316:tf-reader]:      / ____/___ _(_)_______   |/  /_  __ \    version 1.10.1
[95316:tf-reader]:     / /_  / __ `/ / ___/__  /|_/ /_  / / /    build RELWITHDEBINFO
[95316:tf-reader]:    / __/ / /_/ / / /    _  /  / / / /_/ /     https://github.com/FairRootGroup/FairMQ
[95316:tf-reader]:   /_/    \__,_/_/_/     /_/  /_/  \___\_\     LGPL-3.0  © 2012-2025 GSI
[95316:tf-reader]: 
[95316:tf-reader]: [16:03:47][STATE] Starting FairMQ state machine --> IDLE
[95320:internal-dpl-injected-dummy-sink]: [16:03:47][STATE] IDLE ---> INITIALIZING DEVICE
[95315:internal-dpl-clock]: [16:03:47][STATE] IDLE ---> INITIALIZING DEVICE
[95316:tf-reader]: [16:03:47][STATE] IDLE ---> INITIALIZING DEVICE
[95316:tf-reader]: [16:03:47][INFO] Input contains 1 files, 0 remote
[95316:tf-reader]: [16:03:47][INFO] Finished file fetching: 1 of 1 files fetched successfully in 0 iterations
[95320:internal-dpl-injected-dummy-sink]: [16:03:47][STATE] INITIALIZING DEVICE ---> INITIALIZED
[95320:internal-dpl-injected-dummy-sink]: [16:03:47][STATE] INITIALIZED ---> BINDING
[95320:internal-dpl-injected-dummy-sink]: [16:03:47][STATE] BINDING ---> BOUND
[95320:internal-dpl-injected-dummy-sink]: [16:03:47][STATE] BOUND ---> CONNECTING
[95315:internal-dpl-clock]: [16:03:47][STATE] INITIALIZING DEVICE ---> INITIALIZED
[95315:internal-dpl-clock]: [16:03:47][STATE] INITIALIZED ---> BINDING
[95316:tf-reader]: [16:03:47][STATE] INITIALIZING DEVICE ---> INITIALIZED
[95316:tf-reader]: [16:03:47][STATE] INITIALIZED ---> BINDING
[95320:internal-dpl-injected-dummy-sink]: [16:03:47][STATE] CONNECTING ---> DEVICE READY
[95320:internal-dpl-injected-dummy-sink]: [16:03:47][STATE] DEVICE READY ---> INITIALIZING TASK
[95320:internal-dpl-injected-dummy-sink]: [16:03:47][STATE] INITIALIZING TASK ---> READY
[95320:internal-dpl-injected-dummy-sink]: [16:03:47][STATE] READY ---> RUNNING
[95320:internal-dpl-injected-dummy-sink]: [16:03:47][INFO] fair::mq::Device running...
[95320:internal-dpl-injected-dummy-sink]: [16:03:47][INFO] LHCPeriod is not available, using current month MAY
[95320:internal-dpl-injected-dummy-sink]: [16:03:47][INFO] Correctly handshaken websocket connection.
[95315:internal-dpl-clock]: [16:03:47][STATE] BINDING ---> BOUND
[95315:internal-dpl-clock]: [16:03:47][STATE] BOUND ---> CONNECTING
[95315:internal-dpl-clock]: [16:03:47][STATE] CONNECTING ---> DEVICE READY
[95315:internal-dpl-clock]: [16:03:47][STATE] DEVICE READY ---> INITIALIZING TASK
[95315:internal-dpl-clock]: [16:03:47][STATE] INITIALIZING TASK ---> READY
[95315:internal-dpl-clock]: [16:03:47][STATE] READY ---> RUNNING
[95315:internal-dpl-clock]: [16:03:47][INFO] fair::mq::Device running...
[95315:internal-dpl-clock]: [16:03:47][INFO] LHCPeriod is not available, using current month MAY
[95315:internal-dpl-clock]: [16:03:47][INFO] Correctly handshaken websocket connection.
[95316:tf-reader]: [16:03:47][STATE] BINDING ---> BOUND
[95316:tf-reader]: [16:03:47][STATE] BOUND ---> CONNECTING
[95316:tf-reader]: [16:03:47][STATE] CONNECTING ---> DEVICE READY
[95316:tf-reader]: [16:03:47][STATE] DEVICE READY ---> INITIALIZING TASK
[95316:tf-reader]: [16:03:47][STATE] INITIALIZING TASK ---> READY
[95316:tf-reader]: [16:03:47][STATE] READY ---> RUNNING
[95316:tf-reader]: [16:03:47][INFO] fair::mq::Device running...
[95316:tf-reader]: [16:03:47][INFO] LHCPeriod is not available, using current month MAY
[95316:tf-reader]: [16:03:47][INFO] Correctly handshaken websocket connection.
[95316:tf-reader]: [16:03:47][INFO] Processing file o2_rawtf_run00572163_tf03959810_epn297.tf
[95316:tf-reader]: [16:03:47][INFO] Block:1 CTP/RAWDATA with size 90896
[95316:tf-reader]: [16:03:47][INFO] Block:2 FLP/DISTSUBTIMEFRAME with size 168
[95316:tf-reader]: [16:03:47][INFO] Block:1 CTP/LUMI with size 192
[95319:ctp-digit-writer]: [INFO] Instrumenting crash signals
[95318:ctp-raw-decoder]: [INFO] Instrumenting crash signals
[95317:internal-dpl-ccdb-backend]: [INFO] Instrumenting crash signals
[95318:ctp-raw-decoder]: [INFO] Spawning new device ctp-raw-decoder in process with pid 95318
[95319:ctp-digit-writer]: [INFO] Spawning new device ctp-digit-writer in process with pid 95319
[95317:internal-dpl-ccdb-backend]: [INFO] Spawning new device internal-dpl-ccdb-backend in process with pid 95317
[95319:ctp-digit-writer]: [16:03:47][INFO] 
[95319:ctp-digit-writer]:       ______      _    _______  _________ 
[95319:ctp-digit-writer]:      / ____/___ _(_)_______   |/  /_  __ \    version 1.10.1
[95319:ctp-digit-writer]:     / /_  / __ `/ / ___/__  /|_/ /_  / / /    build RELWITHDEBINFO
[95319:ctp-digit-writer]:    / __/ / /_/ / / /    _  /  / / / /_/ /     https://github.com/FairRootGroup/FairMQ
[95319:ctp-digit-writer]:   /_/    \__,_/_/_/     /_/  /_/  \___\_\     LGPL-3.0  © 2012-2025 GSI
[95319:ctp-digit-writer]: 
[95318:ctp-raw-decoder]: [16:03:47][INFO] 
[95318:ctp-raw-decoder]:       ______      _    _______  _________ 
[95318:ctp-raw-decoder]:      / ____/___ _(_)_______   |/  /_  __ \    version 1.10.1
[95318:ctp-raw-decoder]:     / /_  / __ `/ / ___/__  /|_/ /_  / / /    build RELWITHDEBINFO
[95318:ctp-raw-decoder]:    / __/ / /_/ / / /    _  /  / / / /_/ /     https://github.com/FairRootGroup/FairMQ
[95318:ctp-raw-decoder]:   /_/    \__,_/_/_/     /_/  /_/  \___\_\     LGPL-3.0  © 2012-2025 GSI
[95318:ctp-raw-decoder]: 
[95318:ctp-raw-decoder]: [16:03:47][STATE] Starting FairMQ state machine --> IDLE
[95319:ctp-digit-writer]: [16:03:47][STATE] Starting FairMQ state machine --> IDLE
[95317:internal-dpl-ccdb-backend]: [16:03:47][INFO] 
[95317:internal-dpl-ccdb-backend]:       ______      _    _______  _________ 
[95317:internal-dpl-ccdb-backend]:      / ____/___ _(_)_______   |/  /_  __ \    version 1.10.1
[95317:internal-dpl-ccdb-backend]:     / /_  / __ `/ / ___/__  /|_/ /_  / / /    build RELWITHDEBINFO
[95317:internal-dpl-ccdb-backend]:    / __/ / /_/ / / /    _  /  / / / /_/ /     https://github.com/FairRootGroup/FairMQ
[95317:internal-dpl-ccdb-backend]:   /_/    \__,_/_/_/     /_/  /_/  \___\_\     LGPL-3.0  © 2012-2025 GSI
[95317:internal-dpl-ccdb-backend]: 
[95317:internal-dpl-ccdb-backend]: [16:03:47][STATE] Starting FairMQ state machine --> IDLE
[95318:ctp-raw-decoder]: [16:03:47][STATE] IDLE ---> INITIALIZING DEVICE
[95319:ctp-digit-writer]: [16:03:47][STATE] IDLE ---> INITIALIZING DEVICE
[95317:internal-dpl-ccdb-backend]: [16:03:47][STATE] IDLE ---> INITIALIZING DEVICE
[95318:ctp-raw-decoder]: [16:03:47][WARN] Input name without level:TVX
[95318:ctp-raw-decoder]: [16:03:47][WARN] Input name without level:VBA
[95318:ctp-raw-decoder]: [16:03:47][INFO] CTP reco init done. Inputs decoding here:1 DoLumi:0 DoDigits:1 NTF:90 Lumi inputs:TVX:3 VBA:6 Max errors:3 Max input size:0 MaxInputSizeFatal:0 CheckConsistency:0
[95318:ctp-raw-decoder]: [16:03:47][STATE] INITIALIZING DEVICE ---> INITIALIZED
[95318:ctp-raw-decoder]: [16:03:47][STATE] INITIALIZED ---> BINDING
[95318:ctp-raw-decoder]: [16:03:47][STATE] BINDING ---> BOUND
[95318:ctp-raw-decoder]: [16:03:47][STATE] BOUND ---> CONNECTING
[95318:ctp-raw-decoder]: [16:03:47][STATE] CONNECTING ---> DEVICE READY
[95318:ctp-raw-decoder]: [16:03:47][STATE] DEVICE READY ---> INITIALIZING TASK
[95318:ctp-raw-decoder]: [16:03:47][STATE] INITIALIZING TASK ---> READY
[95318:ctp-raw-decoder]: [16:03:47][STATE] READY ---> RUNNING
[95318:ctp-raw-decoder]: [16:03:47][INFO] fair::mq::Device running...
[95318:ctp-raw-decoder]: [16:03:47][INFO] LHCPeriod is not available, using current month MAY
[95318:ctp-raw-decoder]: [16:03:47][INFO] Correctly handshaken websocket connection.
[95317:internal-dpl-ccdb-backend]: [16:03:47][INFO] CCDB Backend at: http://alice-ccdb.cern.ch, validity check for every 2147483647 TF
[95317:internal-dpl-ccdb-backend]: [16:03:47][INFO] Hook to enable signposts for CCDB messages at 0x854e2d820
[95317:internal-dpl-ccdb-backend]: [16:03:47][INFO] Init CcdApi with UserAgentID: MacOS_app/unknown@95317 target/Darwin_arm64 init/1779890627513 id/romanlietava@192.168.1.45 session/K9ElOM03, Host: http://alice-ccdb.cern.ch, Curl timeouts: upload:20 download:5
[95317:internal-dpl-ccdb-backend]: [16:03:47][INFO] Initialised default CCDB host http://alice-ccdb.cern.ch
[95317:internal-dpl-ccdb-backend]: [16:03:47][INFO] The following route is a condition CTP/CTPCONFIG/0
[95317:internal-dpl-ccdb-backend]: [16:03:47][INFO] - ccdb-path: CTP/Config/Config
[95317:internal-dpl-ccdb-backend]: [16:03:47][INFO] The following route is a condition CTP/Trig_Offset/0
[95317:internal-dpl-ccdb-backend]: [16:03:47][INFO] - ccdb-path: CTP/Config/TriggerOffsets
[95317:internal-dpl-ccdb-backend]: [16:03:47][STATE] INITIALIZING DEVICE ---> INITIALIZED
[95317:internal-dpl-ccdb-backend]: [16:03:47][STATE] INITIALIZED ---> BINDING
[95317:internal-dpl-ccdb-backend]: [16:03:47][STATE] BINDING ---> BOUND
[95317:internal-dpl-ccdb-backend]: [16:03:47][STATE] BOUND ---> CONNECTING
[95317:internal-dpl-ccdb-backend]: [16:03:47][STATE] CONNECTING ---> DEVICE READY
[95317:internal-dpl-ccdb-backend]: [16:03:47][STATE] DEVICE READY ---> INITIALIZING TASK
[95317:internal-dpl-ccdb-backend]: [16:03:47][STATE] INITIALIZING TASK ---> READY
[95317:internal-dpl-ccdb-backend]: [16:03:47][STATE] READY ---> RUNNING
[95317:internal-dpl-ccdb-backend]: [16:03:47][INFO] fair::mq::Device running...
[95317:internal-dpl-ccdb-backend]: [16:03:47][INFO] LHCPeriod is not available, using current month MAY
[95317:internal-dpl-ccdb-backend]: [16:03:47][INFO] Correctly handshaken websocket connection.
[95319:ctp-digit-writer]: [16:03:47][INFO] 0: branch  CTPDigits set up
[95319:ctp-digit-writer]: [16:03:47][STATE] INITIALIZING DEVICE ---> INITIALIZED
[95319:ctp-digit-writer]: [16:03:47][STATE] INITIALIZED ---> BINDING
[95319:ctp-digit-writer]: [16:03:47][STATE] BINDING ---> BOUND
[95319:ctp-digit-writer]: [16:03:47][STATE] BOUND ---> CONNECTING
[95319:ctp-digit-writer]: [16:03:47][STATE] CONNECTING ---> DEVICE READY
[95319:ctp-digit-writer]: [16:03:47][STATE] DEVICE READY ---> INITIALIZING TASK
[95319:ctp-digit-writer]: [16:03:47][STATE] INITIALIZING TASK ---> READY
[95319:ctp-digit-writer]: [16:03:47][STATE] READY ---> RUNNING
[95319:ctp-digit-writer]: [16:03:47][INFO] fair::mq::Device running...
[95319:ctp-digit-writer]: [16:03:47][INFO] LHCPeriod is not available, using current month MAY
[95319:ctp-digit-writer]: [16:03:47][INFO] Correctly handshaken websocket connection.
[95316:tf-reader]: [16:03:47][INFO] Sent TF 0 of size 91256 with 66 parts, 0.0000 s elapsed from previous TF., WaitSending=false
[95316:tf-reader]: [16:03:47][INFO] Block:1 CTP/RAWDATA with size 90160
[95316:tf-reader]: [16:03:47][INFO] Block:2 FLP/DISTSUBTIMEFRAME with size 168
[95316:tf-reader]: [16:03:47][INFO] Block:1 CTP/LUMI with size 192
[95316:tf-reader]: [16:03:47][INFO] Sent TF 1 of size 90520 with 66 parts, 0.0002 s elapsed from previous TF., WaitSending=false
[95316:tf-reader]: [16:03:47][INFO] Block:1 CTP/RAWDATA with size 89696
[95316:tf-reader]: [16:03:47][INFO] Block:2 FLP/DISTSUBTIMEFRAME with size 168
[95316:tf-reader]: [16:03:47][INFO] Block:1 CTP/LUMI with size 192
[95316:tf-reader]: [16:03:47][INFO] Sent TF 2 of size 90056 with 66 parts, 0.0001 s elapsed from previous TF., WaitSending=false
[95316:tf-reader]: [16:03:47][INFO] Block:1 CTP/RAWDATA with size 89136
[95316:tf-reader]: [16:03:47][INFO] Block:2 FLP/DISTSUBTIMEFRAME with size 168
[95316:tf-reader]: [16:03:47][INFO] Block:1 CTP/LUMI with size 192
[95316:tf-reader]: [16:03:47][INFO] Sent TF 3 of size 89496 with 66 parts, 0.0001 s elapsed from previous TF., WaitSending=false
[95316:tf-reader]: [16:03:47][INFO] Block:1 CTP/RAWDATA with size 90480
[95316:tf-reader]: [16:03:47][INFO] Block:2 FLP/DISTSUBTIMEFRAME with size 168
[95316:tf-reader]: [16:03:47][INFO] Block:1 CTP/LUMI with size 192
[95316:tf-reader]: [16:03:47][INFO] Sent TF 4 of size 90840 with 66 parts, 0.0157 s elapsed from previous TF., WaitSending=true
[95316:tf-reader]: [16:03:47][INFO] Block:1 CTP/RAWDATA with size 91680
[95316:tf-reader]: [16:03:47][INFO] Block:2 FLP/DISTSUBTIMEFRAME with size 168
[95316:tf-reader]: [16:03:47][INFO] Block:1 CTP/LUMI with size 192
[95316:tf-reader]: [16:03:47][INFO] Sent TF 5 of size 92040 with 66 parts, 0.0127 s elapsed from previous TF., WaitSending=false
[95316:tf-reader]: [16:03:47][INFO] Block:1 CTP/RAWDATA with size 90080
[95316:tf-reader]: [16:03:47][INFO] Block:2 FLP/DISTSUBTIMEFRAME with size 168
[95316:tf-reader]: [16:03:47][INFO] Block:1 CTP/LUMI with size 192
[95316:tf-reader]: [16:03:47][INFO] Sent TF 6 of size 90440 with 66 parts, 0.0001 s elapsed from previous TF., WaitSending=false
[95316:tf-reader]: [16:03:47][INFO] Block:1 CTP/RAWDATA with size 90144
[95316:tf-reader]: [16:03:47][INFO] Block:2 FLP/DISTSUBTIMEFRAME with size 168
[95316:tf-reader]: [16:03:47][INFO] Block:1 CTP/LUMI with size 192
[95316:tf-reader]: [16:03:47][INFO] Sent TF 7 of size 90504 with 66 parts, 0.0001 s elapsed from previous TF., WaitSending=false
[95316:tf-reader]: [16:03:47][INFO] TFReader stops processing
[95316:tf-reader]: [16:03:47][INFO] 8 TFs in 1  loops were sent, spent 0 s in 0 data waiting states
[95316:tf-reader]: [16:03:47][INFO] Sending end-of-stream message to channel from_tf-reader_to_internal-dpl-ccdb-backend
[95316:tf-reader]: [16:03:47][INFO] Sending end-of-stream message to channel from_tf-reader_to_ctp-raw-decoder
[95316:tf-reader]: [16:03:47][INFO] Sending end-of-stream message to channel from_tf-reader_to_internal-dpl-injected-dummy-sink
[95317:internal-dpl-ccdb-backend]: Info in <TJAlienConnectionManager>: Opening connection to JCentral. Please wait
[95317:internal-dpl-ccdb-backend]: Info in <TJAlienConnectionManager>: Opening connection to 128.142.249.62
[95317:internal-dpl-ccdb-backend]: Info in <TJAlienConnectionManager>: Successfully connected to 128.142.249.62
[95317:internal-dpl-ccdb-backend]: Info in <TJAlienFile::Open>: Accessing file /alice/data/CCDB/CTP/Calib/OrbitReset/14/21025/555b8c2f-59af-11f1-b135-0aa140641b9a in SE <ALICE::CCIN2P3::SE>
[95317:internal-dpl-ccdb-backend]: [16:03:49][INFO] ccdb reads http://alice-ccdb.cern.ch/CTP/Calib/OrbitReset/1779874501102/555b8c2f-59af-11f1-b135-0aa140641b9a for 1779888275323 (load to memory, agent_id: MacOS_app/unknown@95317 target/Darwin_arm64 init/1779890627513 id/romanlietava@192.168.1.45 session/K9ElOM03), 
[95317:internal-dpl-ccdb-backend]: Info in <TJAlienFile::Open>: Accessing file /alice/data/CCDB/CTP/Config/Config/14/19192/1f062358-59b5-11f1-b135-0aa140641b9a in SE <ALICE::CCIN2P3::SE>
[95317:internal-dpl-ccdb-backend]: [16:03:50][INFO] ccdb reads http://alice-ccdb.cern.ch/CTP/Config/Config/1779876386961/1f062358-59b5-11f1-b135-0aa140641b9a for 1779888274311 (load to memory, agent_id: MacOS_app/unknown@95317 target/Darwin_arm64 init/1779890627513 id/romanlietava@192.168.1.45 session/K9ElOM03), 
[95317:internal-dpl-ccdb-backend]: Info in <TJAlienFile::Open>: Accessing file /alice/data/CCDB/CTP/Config/TriggerOffsets/06/49287/56b4c228-70dc-11ee-bc26-2a010e0a0b16 in SE <ALICE::UPB::CCDB>
[95317:internal-dpl-ccdb-backend]: [16:03:51][INFO] ccdb reads http://alice-ccdb.cern.ch/CTP/Config/TriggerOffsets/1696975200000/56b4c228-70dc-11ee-bc26-2a010e0a0b16 for 1779888274311 (load to memory, agent_id: MacOS_app/unknown@95317 target/Darwin_arm64 init/1779890627513 id/romanlietava@192.168.1.45 session/K9ElOM03), 
[95317:internal-dpl-ccdb-backend]: [16:03:51][INFO] Sending end-of-stream message to channel from_internal-dpl-ccdb-backend_to_ctp-raw-decoder
[95317:internal-dpl-ccdb-backend]: [16:03:51][INFO] Sending end-of-stream message to channel from_internal-dpl-ccdb-backend_to_internal-dpl-injected-dummy-sink
[95318:ctp-raw-decoder]: [16:03:51][INFO] Caching in 12885724664 ptr to CTP/Trig_Offset/0 (0x101480280)
[95318:ctp-raw-decoder]: [16:03:51][INFO] updateing TroggerOffsetsParam: inputs L0_L1:281 classes L0_L1:280
[95318:ctp-raw-decoder]: [16:03:51][INFO] Caching in 12885719744 ptr to CTP/CTPCONFIG/0 (0x95a418200)
[95318:ctp-raw-decoder]: [16:03:51][INFO] ctpconfig for run done:572163
[95318:ctp-raw-decoder]: [16:03:51][INFO] RDH version:7 Padding:0
[95318:ctp-raw-decoder]: [16:03:51][INFO] [CTPRawToDigitConverter - run] Writing 6800 digits. IR rejected:0 TCR rejected:4
[95319:ctp-digit-writer]: [16:03:51][INFO] CTPDigitWriter pulled 6800 digits
[95318:ctp-raw-decoder]: [16:03:51][INFO] [CTPRawToDigitConverter - run] Writing 6769 digits. IR rejected:0 TCR rejected:10
[95319:ctp-digit-writer]: [16:03:51][INFO] CTPDigitWriter pulled 6769 digits
[95318:ctp-raw-decoder]: [16:03:51][INFO] [CTPRawToDigitConverter - run] Writing 6759 digits. IR rejected:0 TCR rejected:12
[95319:ctp-digit-writer]: [16:03:51][INFO] CTPDigitWriter pulled 6759 digits
[95318:ctp-raw-decoder]: [16:03:51][INFO] [CTPRawToDigitConverter - run] Writing 6753 digits. IR rejected:0 TCR rejected:18
[95319:ctp-digit-writer]: [16:03:51][INFO] CTPDigitWriter pulled 6753 digits
[95318:ctp-raw-decoder]: [16:03:51][INFO] [CTPRawToDigitConverter - run] Writing 6795 digits. IR rejected:0 TCR rejected:23
[95319:ctp-digit-writer]: [16:03:51][INFO] CTPDigitWriter pulled 6795 digits
[95318:ctp-raw-decoder]: [16:03:51][INFO] [CTPRawToDigitConverter - run] Writing 6843 digits. IR rejected:0 TCR rejected:25
[95319:ctp-digit-writer]: [16:03:51][INFO] CTPDigitWriter pulled 6843 digits
[95318:ctp-raw-decoder]: [16:03:51][INFO] [CTPRawToDigitConverter - run] Writing 6800 digits. IR rejected:0 TCR rejected:30
[95319:ctp-digit-writer]: [16:03:51][INFO] CTPDigitWriter pulled 6800 digits
[95318:ctp-raw-decoder]: [16:03:51][INFO] [CTPRawToDigitConverter - run] Writing 6826 digits. IR rejected:0 TCR rejected:32
[95319:ctp-digit-writer]: [16:03:51][INFO] CTPDigitWriter pulled 6826 digits
[95318:ctp-raw-decoder]: Missing orbits: 154886368-154892896 154892896-154899424 154899424-154905952 154905952-154912480 154912480-154919008 154919008-154925536 154925536-154932064
[95318:ctp-raw-decoder]: [16:03:51][INFO] Number of non continous TF:1428
[95318:ctp-raw-decoder]: 
[95318:ctp-raw-decoder]: [16:03:51][INFO] Lost in shiftInputs:287
[95318:ctp-raw-decoder]: [16:03:51][INFO] Lost in addDigit Inputs:0 Classes:154
[95318:ctp-raw-decoder]: [16:03:51][INFO] Sending end-of-stream message to channel from_ctp-raw-decoder_to_ctp-digit-writer
[INFO] Quitting
[INFO] Quit requested at Wed May 27 16:03:51 2026

[95317:internal-dpl-ccdb-backend]: [16:03:51][INFO] Received device shutdown request (signal 15).
[95317:internal-dpl-ccdb-backend]: [16:03:51][INFO] Waiting for graceful device shutdown. Hit Ctrl-C again to abort immediately.
[95317:internal-dpl-ccdb-backend]: [16:03:51][INFO] New state requested. No timeout set, quitting immediately as per --completion-policy
[95317:internal-dpl-ccdb-backend]: [16:03:51][INFO] CCDB cache miss/hit ratio (7168 fetched / 58368 requested bytes):
[95317:internal-dpl-ccdb-backend]: [16:03:51][INFO]   CTP/Config/TriggerOffsets: 1/7 (2048-2048 bytes)
[95317:internal-dpl-ccdb-backend]: [16:03:51][INFO]   CTP/Config/Config: 1/7 (4096-4096 bytes)
[95317:internal-dpl-ccdb-backend]: [16:03:51][INFO]   CTP/Calib/OrbitReset: 1/8 (1024-1024 bytes)
[95317:internal-dpl-ccdb-backend]: [16:03:51][STATE] RUNNING ---> READY
[95317:internal-dpl-ccdb-backend]: [16:03:51][STATE] READY ---> RESETTING TASK
[95317:internal-dpl-ccdb-backend]: [16:03:51][STATE] RESETTING TASK ---> DEVICE READY
[95317:internal-dpl-ccdb-backend]: [16:03:51][STATE] DEVICE READY ---> RESETTING DEVICE
[95317:internal-dpl-ccdb-backend]: [16:03:51][STATE] RESETTING DEVICE ---> IDLE
[95317:internal-dpl-ccdb-backend]: [16:03:51][STATE] IDLE ---> EXITING
[95317:internal-dpl-ccdb-backend]: [16:03:51][STATE] Exiting FairMQ state machine
[95319:ctp-digit-writer]: [16:03:51][INFO] Received device shutdown request (signal 15).
[95319:ctp-digit-writer]: [16:03:51][INFO] Waiting for graceful device shutdown. Hit Ctrl-C again to abort immediately.
[95319:ctp-digit-writer]: [16:03:51][INFO] New state requested. No timeout set, quitting immediately as per --completion-policy
[95319:ctp-digit-writer]: [16:03:51][STATE] RUNNING ---> READY
[95319:ctp-digit-writer]: [16:03:51][STATE] READY ---> RESETTING TASK
[95319:ctp-digit-writer]: [16:03:51][STATE] RESETTING TASK ---> DEVICE READY
[95319:ctp-digit-writer]: [16:03:51][STATE] DEVICE READY ---> RESETTING DEVICE
[95319:ctp-digit-writer]: [16:03:51][STATE] RESETTING DEVICE ---> IDLE
[95319:ctp-digit-writer]: [16:03:51][STATE] IDLE ---> EXITING
[95319:ctp-digit-writer]: [16:03:51][STATE] Exiting FairMQ state machine
[95315:internal-dpl-clock]: [16:03:51][INFO] Received device shutdown request (signal 15).
[95315:internal-dpl-clock]: [16:03:51][INFO] Waiting for graceful device shutdown. Hit Ctrl-C again to abort immediately.
[95315:internal-dpl-clock]: [16:03:51][INFO] New state requested. No timeout set, quitting immediately as per --completion-policy
[95315:internal-dpl-clock]: [16:03:51][INFO] Sending end-of-stream message to channel from_internal-dpl-clock_to_tf-reader
[95315:internal-dpl-clock]: [16:03:51][STATE] RUNNING ---> READY
[95315:internal-dpl-clock]: [16:03:51][STATE] READY ---> RESETTING TASK
[95315:internal-dpl-clock]: [16:03:51][STATE] RESETTING TASK ---> DEVICE READY
[95315:internal-dpl-clock]: [16:03:51][STATE] DEVICE READY ---> RESETTING DEVICE
[95315:internal-dpl-clock]: [16:03:51][STATE] RESETTING DEVICE ---> IDLE
[95315:internal-dpl-clock]: [16:03:51][STATE] IDLE ---> EXITING
[95315:internal-dpl-clock]: [16:03:51][STATE] Exiting FairMQ state machine
[95316:tf-reader]: [16:03:51][INFO] Received device shutdown request (signal 15).
[95316:tf-reader]: [16:03:51][INFO] Waiting for graceful device shutdown. Hit Ctrl-C again to abort immediately.
[95320:internal-dpl-injected-dummy-sink]: [16:03:51][INFO] Received device shutdown request (signal 15).
[95320:internal-dpl-injected-dummy-sink]: [16:03:51][INFO] Waiting for graceful device shutdown. Hit Ctrl-C again to abort immediately.
[95316:tf-reader]: [16:03:51][INFO] New state requested. No timeout set, quitting immediately as per --completion-policy
[95320:internal-dpl-injected-dummy-sink]: [16:03:51][INFO] New state requested. No timeout set, quitting immediately as per --completion-policy
[95316:tf-reader]: [16:03:51][STATE] RUNNING ---> READY
[95320:internal-dpl-injected-dummy-sink]: [16:03:51][STATE] RUNNING ---> READY
[95320:internal-dpl-injected-dummy-sink]: [16:03:51][STATE] READY ---> RESETTING TASK
[95316:tf-reader]: [16:03:51][STATE] READY ---> RESETTING TASK
[95320:internal-dpl-injected-dummy-sink]: [16:03:51][STATE] RESETTING TASK ---> DEVICE READY
[95316:tf-reader]: [16:03:51][STATE] RESETTING TASK ---> DEVICE READY
[95316:tf-reader]: [16:03:51][STATE] DEVICE READY ---> RESETTING DEVICE
[95320:internal-dpl-injected-dummy-sink]: [16:03:51][STATE] DEVICE READY ---> RESETTING DEVICE
[95320:internal-dpl-injected-dummy-sink]: [16:03:51][STATE] RESETTING DEVICE ---> IDLE
[95320:internal-dpl-injected-dummy-sink]: [16:03:51][STATE] IDLE ---> EXITING
[95320:internal-dpl-injected-dummy-sink]: [16:03:51][STATE] Exiting FairMQ state machine
[95316:tf-reader]: [16:03:51][STATE] RESETTING DEVICE ---> IDLE
[95316:tf-reader]: [16:03:51][STATE] IDLE ---> EXITING
[95316:tf-reader]: [16:03:51][STATE] Exiting FairMQ state machine
[95318:ctp-raw-decoder]: [16:03:51][INFO] Received device shutdown request (signal 15).
[95318:ctp-raw-decoder]: [16:03:51][INFO] Waiting for graceful device shutdown. Hit Ctrl-C again to abort immediately.
[95318:ctp-raw-decoder]: [16:03:51][INFO] New state requested. No timeout set, quitting immediately as per --completion-policy
[95318:ctp-raw-decoder]: [16:03:51][STATE] RUNNING ---> READY
[95318:ctp-raw-decoder]: [16:03:51][STATE] READY ---> RESETTING TASK
[95318:ctp-raw-decoder]: [16:03:51][STATE] RESETTING TASK ---> DEVICE READY
[95318:ctp-raw-decoder]: [16:03:51][STATE] DEVICE READY ---> RESETTING DEVICE
[95318:ctp-raw-decoder]: [16:03:51][INFO] Cleaning up for shared memory id '2d41f6b4'...
[95318:ctp-raw-decoder]: [16:03:51][INFO] Found 0 unmanaged regions...
[95318:ctp-raw-decoder]: [16:03:51][INFO] Found 1 managed segments...
[95318:ctp-raw-decoder]: [16:03:51][INFO] Successfully removed 'fmq_2d41f6b4_m_0'.
[95318:ctp-raw-decoder]: [16:03:51][INFO] Successfully removed 'fmq_2d41f6b4_mng'.
[95318:ctp-raw-decoder]: [16:03:51][STATE] RESETTING DEVICE ---> IDLE
[95318:ctp-raw-decoder]: [16:03:51][STATE] IDLE ---> EXITING
[95318:ctp-raw-decoder]: [16:03:51][STATE] Exiting FairMQ state machine
[INFO] ## Processes completed. Run summary:
[INFO] ### Devices started: 6
[INFO]  - Device internal-dpl-clock: pid 95315 (exit 0)
[INFO]  - Device tf-reader: pid 95316 (exit 0)
[INFO]  - Device internal-dpl-ccdb-backend: pid 95317 (exit 0)
[INFO]  - Device ctp-raw-decoder: pid 95318 (exit 0)
[INFO]  - Device ctp-digit-writer: pid 95319 (exit 0)
[INFO]  - Device internal-dpl-injected-dummy-sink: pid 95320 (exit 0)
[INFO] Dumping used configuration in dpl-config.json
